Archive member included to satisfy reference by file (symbol)

d:/program files/stmicroelectronics/stm32cubeide_1.4.0/stm32cubeide/plugins/com.st.stm32cube.ide.mcu.externaltools.gnu-tools-for-stm32.7-2018-q2-update.win32_1.4.0.202007081208/tools/bin/../lib/gcc/arm-none-eabi/7.3.1/../../../../arm-none-eabi/lib/thumb/v6-m\libc_nano.a(lib_a-errno.o)
                              Core/Src/syscalls.o (__errno)
d:/program files/stmicroelectronics/stm32cubeide_1.4.0/stm32cubeide/plugins/com.st.stm32cube.ide.mcu.externaltools.gnu-tools-for-stm32.7-2018-q2-update.win32_1.4.0.202007081208/tools/bin/../lib/gcc/arm-none-eabi/7.3.1/../../../../arm-none-eabi/lib/thumb/v6-m\libc_nano.a(lib_a-exit.o)
                              d:/program files/stmicroelectronics/stm32cubeide_1.4.0/stm32cubeide/plugins/com.st.stm32cube.ide.mcu.externaltools.gnu-tools-for-stm32.7-2018-q2-update.win32_1.4.0.202007081208/tools/bin/../lib/gcc/arm-none-eabi/7.3.1/../../../../arm-none-eabi/lib/thumb/v6-m/crt0.o (exit)
d:/program files/stmicroelectronics/stm32cubeide_1.4.0/stm32cubeide/plugins/com.st.stm32cube.ide.mcu.externaltools.gnu-tools-for-stm32.7-2018-q2-update.win32_1.4.0.202007081208/tools/bin/../lib/gcc/arm-none-eabi/7.3.1/../../../../arm-none-eabi/lib/thumb/v6-m\libc_nano.a(lib_a-impure.o)
                              d:/program files/stmicroelectronics/stm32cubeide_1.4.0/stm32cubeide/plugins/com.st.stm32cube.ide.mcu.externaltools.gnu-tools-for-stm32.7-2018-q2-update.win32_1.4.0.202007081208/tools/bin/../lib/gcc/arm-none-eabi/7.3.1/../../../../arm-none-eabi/lib/thumb/v6-m\libc_nano.a(lib_a-exit.o) (_global_impure_ptr)
d:/program files/stmicroelectronics/stm32cubeide_1.4.0/stm32cubeide/plugins/com.st.stm32cube.ide.mcu.externaltools.gnu-tools-for-stm32.7-2018-q2-update.win32_1.4.0.202007081208/tools/bin/../lib/gcc/arm-none-eabi/7.3.1/../../../../arm-none-eabi/lib/thumb/v6-m\libc_nano.a(lib_a-init.o)
                              d:/program files/stmicroelectronics/stm32cubeide_1.4.0/stm32cubeide/plugins/com.st.stm32cube.ide.mcu.externaltools.gnu-tools-for-stm32.7-2018-q2-update.win32_1.4.0.202007081208/tools/bin/../lib/gcc/arm-none-eabi/7.3.1/../../../../arm-none-eabi/lib/thumb/v6-m/crt0.o (__libc_init_array)
d:/program files/stmicroelectronics/stm32cubeide_1.4.0/stm32cubeide/plugins/com.st.stm32cube.ide.mcu.externaltools.gnu-tools-for-stm32.7-2018-q2-update.win32_1.4.0.202007081208/tools/bin/../lib/gcc/arm-none-eabi/7.3.1/../../../../arm-none-eabi/lib/thumb/v6-m\libc_nano.a(lib_a-memset.o)
                              d:/program files/stmicroelectronics/stm32cubeide_1.4.0/stm32cubeide/plugins/com.st.stm32cube.ide.mcu.externaltools.gnu-tools-for-stm32.7-2018-q2-update.win32_1.4.0.202007081208/tools/bin/../lib/gcc/arm-none-eabi/7.3.1/../../../../arm-none-eabi/lib/thumb/v6-m/crt0.o (memset)
d:/program files/stmicroelectronics/stm32cubeide_1.4.0/stm32cubeide/plugins/com.st.stm32cube.ide.mcu.externaltools.gnu-tools-for-stm32.7-2018-q2-update.win32_1.4.0.202007081208/tools/bin/../lib/gcc/arm-none-eabi/7.3.1/../../../../arm-none-eabi/lib/thumb/v6-m\libc_nano.a(lib_a-puts.o)
                              Core/Src/main.o (puts)
d:/program files/stmicroelectronics/stm32cubeide_1.4.0/stm32cubeide/plugins/com.st.stm32cube.ide.mcu.externaltools.gnu-tools-for-stm32.7-2018-q2-update.win32_1.4.0.202007081208/tools/bin/../lib/gcc/arm-none-eabi/7.3.1/../../../../arm-none-eabi/lib/thumb/v6-m\libc_nano.a(lib_a-sprintf.o)
                              Core/Src/main.o (sprintf)
d:/program files/stmicroelectronics/stm32cubeide_1.4.0/stm32cubeide/plugins/com.st.stm32cube.ide.mcu.externaltools.gnu-tools-for-stm32.7-2018-q2-update.win32_1.4.0.202007081208/tools/bin/../lib/gcc/arm-none-eabi/7.3.1/../../../../arm-none-eabi/lib/thumb/v6-m\libc_nano.a(lib_a-wbuf.o)
                              d:/program files/stmicroelectronics/stm32cubeide_1.4.0/stm32cubeide/plugins/com.st.stm32cube.ide.mcu.externaltools.gnu-tools-for-stm32.7-2018-q2-update.win32_1.4.0.202007081208/tools/bin/../lib/gcc/arm-none-eabi/7.3.1/../../../../arm-none-eabi/lib/thumb/v6-m\libc_nano.a(lib_a-puts.o) (__swbuf_r)
d:/program files/stmicroelectronics/stm32cubeide_1.4.0/stm32cubeide/plugins/com.st.stm32cube.ide.mcu.externaltools.gnu-tools-for-stm32.7-2018-q2-update.win32_1.4.0.202007081208/tools/bin/../lib/gcc/arm-none-eabi/7.3.1/../../../../arm-none-eabi/lib/thumb/v6-m\libc_nano.a(lib_a-wsetup.o)
                              d:/program files/stmicroelectronics/stm32cubeide_1.4.0/stm32cubeide/plugins/com.st.stm32cube.ide.mcu.externaltools.gnu-tools-for-stm32.7-2018-q2-update.win32_1.4.0.202007081208/tools/bin/../lib/gcc/arm-none-eabi/7.3.1/../../../../arm-none-eabi/lib/thumb/v6-m\libc_nano.a(lib_a-puts.o) (__swsetup_r)
[...]
Memory Configuration

Name             Origin             Length             Attributes
RAM              0x0000000020000000 0x0000000000009000 xrw
FLASH            0x0000000008000000 0x0000000000020000 xr
*default*        0x0000000000000000 0xffffffffffffffff

Linker script and memory map

LOAD d:/program files/stmicroelectronics/stm32cubeide_1.4.0/stm32cubeide/plugins/com.st.stm32cube.ide.mcu.externaltools.gnu-tools-for-stm32.7-2018-q2-update.win32_1.4.0.202007081208/tools/bin/../lib/gcc/arm-none-eabi/7.3.1/thumb/v6-m/crti.o
LOAD d:/program files/stmicroelectronics/stm32cubeide_1.4.0/stm32cubeide/plugins/com.st.stm32cube.ide.mcu.externaltools.gnu-tools-for-stm32.7-2018-q2-update.win32_1.4.0.202007081208/tools/bin/../lib/gcc/arm-none-eabi/7.3.1/thumb/v6-m/crtbegin.o
LOAD d:/program files/stmicroelectronics/stm32cubeide_1.4.0/stm32cubeide/plugins/com.st.stm32cube.ide.mcu.externaltools.gnu-tools-for-stm32.7-2018-q2-update.win32_1.4.0.202007081208/tools/bin/../lib/gcc/arm-none-eabi/7.3.1/../../../../arm-none-eabi/lib/thumb/v6-m/crt0.o
LOAD Core/Src/gpio.o
LOAD Core/Src/i2c.o
LOAD Core/Src/main.o
LOAD Core/Src/stm32g0xx_hal_msp.o
LOAD Core/Src/stm32g0xx_it.o
LOAD Core/Src/syscalls.o
LOAD Core/Src/sysmem.o
LOAD Core/Src/system_stm32g0xx.o
LOAD Core/Src/usart.o
LOAD Core/Startup/startup_stm32g071rbtx.o
LOAD Drivers/OLED/oled.o
LOAD Drivers/STM32G0xx_HAL_Driver/Src/stm32g0xx_hal.o
LOAD Drivers/STM32G0xx_HAL_Driver/Src/stm32g0xx_hal_cortex.o
LOAD Drivers/STM32G0xx_HAL_Driver/Src/stm32g0xx_hal_dma.o
LOAD Drivers/STM32G0xx_HAL_Driver/Src/stm32g0xx_hal_dma_ex.o
LOAD Drivers/STM32G0xx_HAL_Driver/Src/stm32g0xx_hal_exti.o
LOAD Drivers/STM32G0xx_HAL_Driver/Src/stm32g0xx_hal_flash.o
LOAD Drivers/STM32G0xx_HAL_Driver/Src/stm32g0xx_hal_flash_ex.o
LOAD Drivers/STM32G0xx_HAL_Driver/Src/stm32g0xx_hal_gpio.o
LOAD Drivers/STM32G0xx_HAL_Driver/Src/stm32g0xx_hal_i2c.o
LOAD Drivers/STM32G0xx_HAL_Driver/Src/stm32g0xx_hal_i2c_ex.o
LOAD Drivers/STM32G0xx_HAL_Driver/Src/stm32g0xx_hal_pwr.o
LOAD Drivers/STM32G0xx_HAL_Driver/Src/stm32g0xx_hal_pwr_ex.o
LOAD Drivers/STM32G0xx_HAL_Driver/Src/stm32g0xx_hal_rcc.o
LOAD Drivers/STM32G0xx_HAL_Driver/Src/stm32g0xx_hal_rcc_ex.o
LOAD Drivers/STM32G0xx_HAL_Driver/Src/stm32g0xx_hal_tim.o
LOAD Drivers/STM32G0xx_HAL_Driver/Src/stm32g0xx_hal_tim_ex.o
LOAD Drivers/STM32G0xx_HAL_Driver/Src/stm32g0xx_hal_uart.o
LOAD Drivers/STM32G0xx_HAL_Driver/Src/stm32g0xx_hal_uart_ex.o
LOAD Drivers/STM32G0xx_HAL_Driver/Src/stm32g0xx_ll_dma.o
LOAD Drivers/STM32G0xx_HAL_Driver/Src/stm32g0xx_ll_rcc.o
LOAD Drivers/u8g2/csrc/u8g2_bitmap.o
LOAD Drivers/u8g2/csrc/u8g2_box.o
LOAD Drivers/u8g2/csrc/u8g2_buffer.o
LOAD Drivers/u8g2/csrc/u8g2_circle.o
LOAD Drivers/u8g2/csrc/u8g2_cleardisplay.o
LOAD Drivers/u8g2/csrc/u8g2_d_memory.o
LOAD Drivers/u8g2/csrc/u8g2_d_setup.o
LOAD Drivers/u8g2/csrc/u8g2_font.o
LOAD Drivers/u8g2/csrc/u8g2_fonts.o
LOAD Drivers/u8g2/csrc/u8g2_hvline.o
LOAD Drivers/u8g2/csrc/u8g2_input_value.o
LOAD Drivers/u8g2/csrc/u8g2_intersection.o
LOAD Drivers/u8g2/csrc/u8g2_kerning.o
LOAD Drivers/u8g2/csrc/u8g2_line.o
LOAD Drivers/u8g2/csrc/u8g2_ll_hvline.o
LOAD Drivers/u8g2/csrc/u8g2_message.o
LOAD Drivers/u8g2/csrc/u8g2_polygon.o
LOAD Drivers/u8g2/csrc/u8g2_selection_list.o
LOAD Drivers/u8g2/csrc/u8g2_setup.o
LOAD Drivers/u8g2/csrc/u8log.o
LOAD Drivers/u8g2/csrc/u8log_u8g2.o
LOAD Drivers/u8g2/csrc/u8log_u8x8.o
LOAD Drivers/u8g2/csrc/u8x8_8x8.o
LOAD Drivers/u8g2/csrc/u8x8_byte.o
LOAD Drivers/u8g2/csrc/u8x8_cad.o
LOAD Drivers/u8g2/csrc/u8x8_capture.o
LOAD Drivers/u8g2/csrc/u8x8_d_a2printer.o
LOAD Drivers/u8g2/csrc/u8x8_d_ssd1306_128x64_noname.o
LOAD Drivers/u8g2/csrc/u8x8_debounce.o
LOAD Drivers/u8g2/csrc/u8x8_display.o
LOAD Drivers/u8g2/csrc/u8x8_fonts.o
LOAD Drivers/u8g2/csrc/u8x8_gpio.o
LOAD Drivers/u8g2/csrc/u8x8_input_value.o
LOAD Drivers/u8g2/csrc/u8x8_message.o
LOAD Drivers/u8g2/csrc/u8x8_selection_list.o
LOAD Drivers/u8g2/csrc/u8x8_setup.o
LOAD Drivers/u8g2/csrc/u8x8_string.o
LOAD Drivers/u8g2/csrc/u8x8_u16toa.o
LOAD Drivers/u8g2/csrc/u8x8_u8toa.o
START GROUP
LOAD d:/program files/stmicroelectronics/stm32cubeide_1.4.0/stm32cubeide/plugins/com.st.stm32cube.ide.mcu.externaltools.gnu-tools-for-stm32.7-2018-q2-update.win32_1.4.0.202007081208/tools/bin/../lib/gcc/arm-none-eabi/7.3.1/../../../../arm-none-eabi/lib/thumb/v6-m\libc_nano.a
LOAD d:/program files/stmicroelectronics/stm32cubeide_1.4.0/stm32cubeide/plugins/com.st.stm32cube.ide.mcu.externaltools.gnu-tools-for-stm32.7-2018-q2-update.win32_1.4.0.202007081208/tools/bin/../lib/gcc/arm-none-eabi/7.3.1/../../../../arm-none-eabi/lib/thumb/v6-m\libm.a
END GROUP
START GROUP
LOAD d:/program files/stmicroelectronics/stm32cubeide_1.4.0/stm32cubeide/plugins/com.st.stm32cube.ide.mcu.externaltools.gnu-tools-for-stm32.7-2018-q2-update.win32_1.4.0.202007081208/tools/bin/../lib/gcc/arm-none-eabi/7.3.1/thumb/v6-m\libgcc.a
LOAD d:/program files/stmicroelectronics/stm32cubeide_1.4.0/stm32cubeide/plugins/com.st.stm32cube.ide.mcu.externaltools.gnu-tools-for-stm32.7-2018-q2-update.win32_1.4.0.202007081208/tools/bin/../lib/gcc/arm-none-eabi/7.3.1/../../../../arm-none-eabi/lib/thumb/v6-m\libc_nano.a
END GROUP
START GROUP
LOAD d:/program files/stmicroelectronics/stm32cubeide_1.4.0/stm32cubeide/plugins/com.st.stm32cube.ide.mcu.externaltools.gnu-tools-for-stm32.7-2018-q2-update.win32_1.4.0.202007081208/tools/bin/../lib/gcc/arm-none-eabi/7.3.1/thumb/v6-m\libgcc.a
LOAD d:/program files/stmicroelectronics/stm32cubeide_1.4.0/stm32cubeide/plugins/com.st.stm32cube.ide.mcu.externaltools.gnu-tools-for-stm32.7-2018-q2-update.win32_1.4.0.202007081208/tools/bin/../lib/gcc/arm-none-eabi/7.3.1/../../../../arm-none-eabi/lib/thumb/v6-m\libc_nano.a
LOAD d:/program files/stmicroelectronics/stm32cubeide_1.4.0/stm32cubeide/plugins/com.st.stm32cube.ide.mcu.externaltools.gnu-tools-for-stm32.7-2018-q2-update.win32_1.4.0.202007081208/tools/bin/../lib/gcc/arm-none-eabi/7.3.1/../../../../arm-none-eabi/lib/thumb/v6-m\libnosys.a
END GROUP
START GROUP
LOAD d:/program files/stmicroelectronics/stm32cubeide_1.4.0/stm32cubeide/plugins/com.st.stm32cube.ide.mcu.externaltools.gnu-tools-for-stm32.7-2018-q2-update.win32_1.4.0.202007081208/tools/bin/../lib/gcc/arm-none-eabi/7.3.1/thumb/v6-m\libgcc.a
LOAD d:/program files/stmicroelectronics/stm32cubeide_1.4.0/stm32cubeide/plugins/com.st.stm32cube.ide.mcu.externaltools.gnu-tools-for-stm32.7-2018-q2-update.win32_1.4.0.202007081208/tools/bin/../lib/gcc/arm-none-eabi/7.3.1/../../../../arm-none-eabi/lib/thumb/v6-m\libc_nano.a
LOAD d:/program files/stmicroelectronics/stm32cubeide_1.4.0/stm32cubeide/plugins/com.st.stm32cube.ide.mcu.externaltools.gnu-tools-for-stm32.7-2018-q2-update.win32_1.4.0.202007081208/tools/bin/../lib/gcc/arm-none-eabi/7.3.1/../../../../arm-none-eabi/lib/thumb/v6-m\libnosys.a
END GROUP
LOAD d:/program files/stmicroelectronics/stm32cubeide_1.4.0/stm32cubeide/plugins/com.st.stm32cube.ide.mcu.externaltools.gnu-tools-for-stm32.7-2018-q2-update.win32_1.4.0.202007081208/tools/bin/../lib/gcc/arm-none-eabi/7.3.1/thumb/v6-m/crtend.o
LOAD d:/program files/stmicroelectronics/stm32cubeide_1.4.0/stm32cubeide/plugins/com.st.stm32cube.ide.mcu.externaltools.gnu-tools-for-stm32.7-2018-q2-update.win32_1.4.0.202007081208/tools/bin/../lib/gcc/arm-none-eabi/7.3.1/thumb/v6-m/crtn.o
                0x0000000020009000                _estack = (ORIGIN (RAM) + LENGTH (RAM))
                0x0000000000000200                _Min_Heap_Size = 0x200
                0x0000000000000400                _Min_Stack_Size = 0x400

.isr_vector     0x0000000008000000       0xbc
                0x0000000008000000                . = ALIGN (0x4)
 *(.isr_vector)
 .isr_vector    0x0000000008000000       0xbc Core/Startup/startup_stm32g071rbtx.o
                0x0000000008000000                g_pfnVectors
                0x00000000080000bc                . = ALIGN (0x4)

.text           0x00000000080000bc     0x85b4
                0x00000000080000bc                . = ALIGN (0x4)
 *(.text)
 .text          0x00000000080000bc       0x48 d:/program files/stmicroelectronics/stm32cubeide_1.4.0/stm32cubeide/plugins/com.st.stm32cube.ide.mcu.externaltools.gnu-tools-for-stm32.7-2018-q2-update.win32_1.4.0.202007081208/tools/bin/../lib/gcc/arm-none-eabi/7.3.1/thumb/v6-m/crtbegin.o
 .text          0x0000000008000104      0x114 d:/program files/stmicroelectronics/stm32cubeide_1.4.0/stm32cubeide/plugins/com.st.stm32cube.ide.mcu.externaltools.gnu-tools-for-stm32.7-2018-q2-update.win32_1.4.0.202007081208/tools/bin/../lib/gcc/arm-none-eabi/7.3.1/thumb/v6-m\libgcc.a(_udivsi3.o)
                0x0000000008000104                __aeabi_uidiv
                0x0000000008000104                __udivsi3
                0x0000000008000210                __aeabi_uidivmod
 .text          0x0000000008000218      0x1d4 d:/program files/stmicroelectronics/stm32cubeide_1.4.0/stm32cubeide/plugins/com.st.stm32cube.ide.mcu.externaltools.gnu-tools-for-stm32.7-2018-q2-update.win32_1.4.0.202007081208/tools/bin/../lib/gcc/arm-none-eabi/7.3.1/thumb/v6-m\libgcc.a(_divsi3.o)
                0x0000000008000218                __divsi3
                0x0000000008000218                __aeabi_idiv
                0x00000000080003e4                __aeabi_idivmod
 .text          0x00000000080003ec        0x4 d:/program files/stmicroelectronics/stm32cubeide_1.4.0/stm32cubeide/plugins/com.st.stm32cube.ide.mcu.externaltools.gnu-tools-for-stm32.7-2018-q2-update.win32_1.4.0.202007081208/tools/bin/../lib/gcc/arm-none-eabi/7.3.1/thumb/v6-m\libgcc.a(_dvmd_tls.o)
                0x00000000080003ec                __aeabi_idiv0
                0x00000000080003ec                __aeabi_ldiv0
 .text          0x00000000080003f0       0x40 d:/program files/stmicroelectronics/stm32cubeide_1.4.0/stm32cubeide/plugins/com.st.stm32cube.ide.mcu.externaltools.gnu-tools-for-stm32.7-2018-q2-update.win32_1.4.0.202007081208/tools/bin/../lib/gcc/arm-none-eabi/7.3.1/thumb/v6-m\libgcc.a(_aeabi_uldivmod.o)
                0x00000000080003f0                __aeabi_uldivmod
 .text          0x0000000008000430      0x184 d:/program files/stmicroelectronics/stm32cubeide_1.4.0/stm32cubeide/plugins/com.st.stm32cube.ide.mcu.externaltools.gnu-tools-for-stm32.7-2018-q2-update.win32_1.4.0.202007081208/tools/bin/../lib/gcc/arm-none-eabi/7.3.1/thumb/v6-m\libgcc.a(_udivmoddi4.o)
                0x0000000008000430                __udivmoddi4
 .text          0x00000000080005b4       0x18 d:/program files/stmicroelectronics/stm32cubeide_1.4.0/stm32cubeide/plugins/com.st.stm32cube.ide.mcu.externaltools.gnu-tools-for-stm32.7-2018-q2-update.win32_1.4.0.202007081208/tools/bin/../lib/gcc/arm-none-eabi/7.3.1/thumb/v6-m\libgcc.a(_clzdi2.o)
                0x00000000080005b4                __clzdi2
 .text          0x00000000080005cc       0x3c d:/program files/stmicroelectronics/stm32cubeide_1.4.0/stm32cubeide/plugins/com.st.stm32cube.ide.mcu.externaltools.gnu-tools-for-stm32.7-2018-q2-update.win32_1.4.0.202007081208/tools/bin/../lib/gcc/arm-none-eabi/7.3.1/thumb/v6-m\libgcc.a(_clzsi2.o)
                0x00000000080005cc                __clzsi2
 *(.text*)
 .text.MX_GPIO_Init
                0x0000000008000608       0xc0 Core/Src/gpio.o
                0x0000000008000608                MX_GPIO_Init
 .text.MX_I2C1_Init
                0x00000000080006c8       0x80 Core/Src/i2c.o
                0x00000000080006c8                MX_I2C1_Init
 .text.HAL_I2C_MspInit
                0x0000000008000748       0xa8 Core/Src/i2c.o
                0x0000000008000748                HAL_I2C_MspInit
 .text.u8x8_stm32_gpio_and_delay
                0x00000000080007f0       0x50 Core/Src/main.o
                0x00000000080007f0                u8x8_stm32_gpio_and_delay
 .text.u8x8_byte_i2c
                0x0000000008000840       0xb0 Core/Src/main.o
                0x0000000008000840                u8x8_byte_i2c
 .text.main     0x00000000080008f0      0x124 Core/Src/main.o
                0x00000000080008f0                main
 .text.SystemClock_Config
                0x0000000008000a14       0xf0 Core/Src/main.o
                0x0000000008000a14                SystemClock_Config
 .text.Error_Handler
                0x0000000008000b04        0xa Core/Src/main.o
                0x0000000008000b04                Error_Handler
 *fill*         0x0000000008000b0e        0x2 
 .text.HAL_MspInit
                0x0000000008000b10       0x50 Core/Src/stm32g0xx_hal_msp.o
                0x0000000008000b10                HAL_MspInit
 .text.NMI_Handler
                0x0000000008000b60        0xa Core/Src/stm32g0xx_it.o
                0x0000000008000b60                NMI_Handler
 .text.HardFault_Handler
                0x0000000008000b6a        0x6 Core/Src/stm32g0xx_it.o
                0x0000000008000b6a                HardFault_Handler
 .text.SVC_Handler
                0x0000000008000b70        0xa Core/Src/stm32g0xx_it.o
                0x0000000008000b70                SVC_Handler
 .text.PendSV_Handler
                0x0000000008000b7a        0xa Core/Src/stm32g0xx_it.o
                0x0000000008000b7a                PendSV_Handler
 .text.SysTick_Handler
                0x0000000008000b84        0xe Core/Src/stm32g0xx_it.o
                0x0000000008000b84                SysTick_Handler
 *fill*         0x0000000008000b92        0x2 
 .text.I2C1_IRQHandler
                0x0000000008000b94       0x30 Core/Src/stm32g0xx_it.o
                0x0000000008000b94                I2C1_IRQHandler
 .text.USART1_IRQHandler
                0x0000000008000bc4       0x18 Core/Src/stm32g0xx_it.o
                0x0000000008000bc4                USART1_IRQHandler
 .text._read    0x0000000008000bdc       0x3a Core/Src/syscalls.o
                0x0000000008000bdc                _read
 .text._write   0x0000000008000c16       0x38 Core/Src/syscalls.o
                0x0000000008000c16                _write
 .text._close   0x0000000008000c4e       0x14 Core/Src/syscalls.o
                0x0000000008000c4e                _close
 .text._fstat   0x0000000008000c62       0x1c Core/Src/syscalls.o
                0x0000000008000c62                _fstat
 .text._isatty  0x0000000008000c7e       0x12 Core/Src/syscalls.o
                0x0000000008000c7e                _isatty
 .text._lseek   0x0000000008000c90       0x16 Core/Src/syscalls.o
                0x0000000008000c90                _lseek
 *fill*         0x0000000008000ca6        0x2 
 .text._sbrk    0x0000000008000ca8       0x6c Core/Src/sysmem.o
                0x0000000008000ca8                _sbrk
 .text.SystemInit
                0x0000000008000d14       0x18 Core/Src/system_stm32g0xx.o
                0x0000000008000d14                SystemInit
 .text.MX_USART1_UART_Init
                0x0000000008000d2c       0x9c Core/Src/usart.o
                0x0000000008000d2c                MX_USART1_UART_Init
 .text.HAL_UART_MspInit
                0x0000000008000dc8       0xa8 Core/Src/usart.o
                0x0000000008000dc8                HAL_UART_MspInit
 .text.__io_putchar
                0x0000000008000e70       0x28 Core/Src/usart.o
                0x0000000008000e70                __io_putchar
 .text.Reset_Handler
                0x0000000008000e98       0x50 Core/Startup/startup_stm32g071rbtx.o
                0x0000000008000e98                Reset_Handler
 .text.Default_Handler
                0x0000000008000ee8        0x2 Core/Startup/startup_stm32g071rbtx.o
                0x0000000008000ee8                USART3_4_LPUART1_IRQHandler
                0x0000000008000ee8                TIM1_CC_IRQHandler
                0x0000000008000ee8                ADC1_COMP_IRQHandler
                0x0000000008000ee8                PVD_IRQHandler
                0x0000000008000ee8                TIM7_LPTIM2_IRQHandler
                0x0000000008000ee8                RTC_TAMP_IRQHandler
                0x0000000008000ee8                SPI1_IRQHandler
                0x0000000008000ee8                EXTI2_3_IRQHandler
                0x0000000008000ee8                I2C2_IRQHandler
                0x0000000008000ee8                TIM17_IRQHandler
                0x0000000008000ee8                TIM16_IRQHandler
                0x0000000008000ee8                TIM3_IRQHandler
                0x0000000008000ee8                EXTI4_15_IRQHandler
                0x0000000008000ee8                RCC_IRQHandler
                0x0000000008000ee8                DMA1_Channel1_IRQHandler
                0x0000000008000ee8                Default_Handler
                0x0000000008000ee8                CEC_IRQHandler
                0x0000000008000ee8                TIM14_IRQHandler
                0x0000000008000ee8                TIM15_IRQHandler
                0x0000000008000ee8                EXTI0_1_IRQHandler
                0x0000000008000ee8                SPI2_IRQHandler
                0x0000000008000ee8                TIM6_DAC_LPTIM1_IRQHandler
                0x0000000008000ee8                WWDG_IRQHandler
                0x0000000008000ee8                TIM2_IRQHandler
                0x0000000008000ee8                DMA1_Ch4_7_DMAMUX1_OVR_IRQHandler
                0x0000000008000ee8                DMA1_Channel2_3_IRQHandler
                0x0000000008000ee8                UCPD1_2_IRQHandler
                0x0000000008000ee8                USART2_IRQHandler
                0x0000000008000ee8                FLASH_IRQHandler
                0x0000000008000ee8                TIM1_BRK_UP_TRG_COM_IRQHandler
 *fill*         0x0000000008000eea        0x2 
 .text.OLED_Write_Cmd
                0x0000000008000eec       0x40 Drivers/OLED/oled.o
 .text.OLED_Write_Dat
                0x0000000008000f2c       0x40 Drivers/OLED/oled.o
 .text.OLED_Set_Pos
                0x0000000008000f6c       0x56 Drivers/OLED/oled.o
                0x0000000008000f6c                OLED_Set_Pos
 .text.OLED_Clear
                0x0000000008000fc2       0x64 Drivers/OLED/oled.o
                0x0000000008000fc2                OLED_Clear
 .text.OLED_Init
                0x0000000008001026       0xc8 Drivers/OLED/oled.o
                0x0000000008001026                OLED_Init
 *fill*         0x00000000080010ee        0x2 
 .text.HAL_Init
                0x00000000080010f0       0x40 Drivers/STM32G0xx_HAL_Driver/Src/stm32g0xx_hal.o
                0x00000000080010f0                HAL_Init
 .text.HAL_InitTick
                0x0000000008001130       0x94 Drivers/STM32G0xx_HAL_Driver/Src/stm32g0xx_hal.o
                0x0000000008001130                HAL_InitTick
 .text.HAL_IncTick
                0x00000000080011c4       0x20 Drivers/STM32G0xx_HAL_Driver/Src/stm32g0xx_hal.o
                0x00000000080011c4                HAL_IncTick
 .text.HAL_GetTick
                0x00000000080011e4       0x14 Drivers/STM32G0xx_HAL_Driver/Src/stm32g0xx_hal.o
                0x00000000080011e4                HAL_GetTick
 .text.HAL_Delay
                0x00000000080011f8       0x44 Drivers/STM32G0xx_HAL_Driver/Src/stm32g0xx_hal.o
                0x00000000080011f8                HAL_Delay
 .text.HAL_SYSCFG_StrobeDBattpinsConfig
                0x000000000800123c       0x2c Drivers/STM32G0xx_HAL_Driver/Src/stm32g0xx_hal.o
                0x000000000800123c                HAL_SYSCFG_StrobeDBattpinsConfig
 .text.__NVIC_EnableIRQ
                0x0000000008001268       0x34 Drivers/STM32G0xx_HAL_Driver/Src/stm32g0xx_hal_cortex.o
 .text.__NVIC_SetPriority
                0x000000000800129c       0xdc Drivers/STM32G0xx_HAL_Driver/Src/stm32g0xx_hal_cortex.o
 .text.SysTick_Config
                0x0000000008001378       0x48 Drivers/STM32G0xx_HAL_Driver/Src/stm32g0xx_hal_cortex.o
 .text.HAL_NVIC_SetPriority
                0x00000000080013c0       0x2a Drivers/STM32G0xx_HAL_Driver/Src/stm32g0xx_hal_cortex.o
                0x00000000080013c0                HAL_NVIC_SetPriority
 .text.HAL_NVIC_EnableIRQ
                0x00000000080013ea       0x20 Drivers/STM32G0xx_HAL_Driver/Src/stm32g0xx_hal_cortex.o
                0x00000000080013ea                HAL_NVIC_EnableIRQ
 .text.HAL_SYSTICK_Config
                0x000000000800140a       0x1a Drivers/STM32G0xx_HAL_Driver/Src/stm32g0xx_hal_cortex.o
                0x000000000800140a                HAL_SYSTICK_Config
 .text.HAL_DMA_Abort_IT
                0x0000000008001424       0xf4 Drivers/STM32G0xx_HAL_Driver/Src/stm32g0xx_hal_dma.o
                0x0000000008001424                HAL_DMA_Abort_IT
 .text.HAL_GPIO_Init
                0x0000000008001518      0x2c8 Drivers/STM32G0xx_HAL_Driver/Src/stm32g0xx_hal_gpio.o
                0x0000000008001518                HAL_GPIO_Init
 .text.HAL_GPIO_WritePin
                0x00000000080017e0       0x3a Drivers/STM32G0xx_HAL_Driver/Src/stm32g0xx_hal_gpio.o
                0x00000000080017e0                HAL_GPIO_WritePin
 *fill*         0x000000000800181a        0x2 
 .text.HAL_I2C_Init
                0x000000000800181c      0x12c Drivers/STM32G0xx_HAL_Driver/Src/stm32g0xx_hal_i2c.o
                0x000000000800181c                HAL_I2C_Init
 .text.HAL_I2C_Master_Transmit
                0x0000000008001948      0x210 Drivers/STM32G0xx_HAL_Driver/Src/stm32g0xx_hal_i2c.o
                0x0000000008001948                HAL_I2C_Master_Transmit
 .text.HAL_I2C_EV_IRQHandler
                0x0000000008001b58       0x34 Drivers/STM32G0xx_HAL_Driver/Src/stm32g0xx_hal_i2c.o
                0x0000000008001b58                HAL_I2C_EV_IRQHandler
 .text.HAL_I2C_ER_IRQHandler
                0x0000000008001b8c       0xc4 Drivers/STM32G0xx_HAL_Driver/Src/stm32g0xx_hal_i2c.o
                0x0000000008001b8c                HAL_I2C_ER_IRQHandler
 .text.HAL_I2C_SlaveTxCpltCallback
                0x0000000008001c50       0x10 Drivers/STM32G0xx_HAL_Driver/Src/stm32g0xx_hal_i2c.o
                0x0000000008001c50                HAL_I2C_SlaveTxCpltCallback
 .text.HAL_I2C_SlaveRxCpltCallback
                0x0000000008001c60       0x10 Drivers/STM32G0xx_HAL_Driver/Src/stm32g0xx_hal_i2c.o
                0x0000000008001c60                HAL_I2C_SlaveRxCpltCallback
 .text.HAL_I2C_AddrCallback
                0x0000000008001c70       0x20 Drivers/STM32G0xx_HAL_Driver/Src/stm32g0xx_hal_i2c.o
                0x0000000008001c70                HAL_I2C_AddrCallback
 .text.HAL_I2C_ListenCpltCallback
                0x0000000008001c90       0x10 Drivers/STM32G0xx_HAL_Driver/Src/stm32g0xx_hal_i2c.o
                0x0000000008001c90                HAL_I2C_ListenCpltCallback
 .text.HAL_I2C_ErrorCallback
                0x0000000008001ca0       0x10 Drivers/STM32G0xx_HAL_Driver/Src/stm32g0xx_hal_i2c.o
                0x0000000008001ca0                HAL_I2C_ErrorCallback
 .text.HAL_I2C_AbortCpltCallback
                0x0000000008001cb0       0x10 Drivers/STM32G0xx_HAL_Driver/Src/stm32g0xx_hal_i2c.o
                0x0000000008001cb0                HAL_I2C_AbortCpltCallback
 .text.I2C_Slave_ISR_IT
                0x0000000008001cc0      0x230 Drivers/STM32G0xx_HAL_Driver/Src/stm32g0xx_hal_i2c.o
 .text.I2C_ITAddrCplt
                0x0000000008001ef0      0x14a Drivers/STM32G0xx_HAL_Driver/Src/stm32g0xx_hal_i2c.o
 .text.I2C_ITSlaveSeqCplt
                0x000000000800203a       0x82 Drivers/STM32G0xx_HAL_Driver/Src/stm32g0xx_hal_i2c.o
 .text.I2C_ITSlaveCplt
                0x00000000080020bc      0x1c0 Drivers/STM32G0xx_HAL_Driver/Src/stm32g0xx_hal_i2c.o
 .text.I2C_ITListenCplt
                0x000000000800227c       0xac Drivers/STM32G0xx_HAL_Driver/Src/stm32g0xx_hal_i2c.o
 .text.I2C_ITError
                0x0000000008002328      0x1a4 Drivers/STM32G0xx_HAL_Driver/Src/stm32g0xx_hal_i2c.o
 .text.I2C_Flush_TXDR
                0x00000000080024cc       0x44 Drivers/STM32G0xx_HAL_Driver/Src/stm32g0xx_hal_i2c.o
 .text.I2C_DMAAbort
                0x0000000008002510       0x4c Drivers/STM32G0xx_HAL_Driver/Src/stm32g0xx_hal_i2c.o
 .text.I2C_WaitOnFlagUntilTimeout
                0x000000000800255c       0x7e Drivers/STM32G0xx_HAL_Driver/Src/stm32g0xx_hal_i2c.o
 .text.I2C_WaitOnTXISFlagUntilTimeout
                0x00000000080025da       0x7e Drivers/STM32G0xx_HAL_Driver/Src/stm32g0xx_hal_i2c.o
 .text.I2C_WaitOnSTOPFlagUntilTimeout
                0x0000000008002658       0x78 Drivers/STM32G0xx_HAL_Driver/Src/stm32g0xx_hal_i2c.o
 .text.I2C_IsAcknowledgeFailed
                0x00000000080026d0       0xcc Drivers/STM32G0xx_HAL_Driver/Src/stm32g0xx_hal_i2c.o
 .text.I2C_TransferConfig
                0x000000000800279c       0x6c Drivers/STM32G0xx_HAL_Driver/Src/stm32g0xx_hal_i2c.o
 .text.I2C_Disable_IRQ
                0x0000000008002808       0xd2 Drivers/STM32G0xx_HAL_Driver/Src/stm32g0xx_hal_i2c.o
 *fill*         0x00000000080028da        0x2 
 .text.HAL_I2CEx_ConfigAnalogFilter
                0x00000000080028dc       0x98 Drivers/STM32G0xx_HAL_Driver/Src/stm32g0xx_hal_i2c_ex.o
                0x00000000080028dc                HAL_I2CEx_ConfigAnalogFilter
 .text.HAL_I2CEx_ConfigDigitalFilter
                0x0000000008002974       0x98 Drivers/STM32G0xx_HAL_Driver/Src/stm32g0xx_hal_i2c_ex.o
                0x0000000008002974                HAL_I2CEx_ConfigDigitalFilter
 .text.HAL_PWREx_ControlVoltageScaling
                0x0000000008002a0c       0x80 Drivers/STM32G0xx_HAL_Driver/Src/stm32g0xx_hal_pwr_ex.o
                0x0000000008002a0c                HAL_PWREx_ControlVoltageScaling
 .text.LL_RCC_GetAPB1Prescaler
                0x0000000008002a8c       0x18 Drivers/STM32G0xx_HAL_Driver/Src/stm32g0xx_hal_rcc.o
 .text.HAL_RCC_OscConfig
                0x0000000008002aa4      0x640 Drivers/STM32G0xx_HAL_Driver/Src/stm32g0xx_hal_rcc.o
                0x0000000008002aa4                HAL_RCC_OscConfig
 .text.HAL_RCC_ClockConfig
                0x00000000080030e4      0x210 Drivers/STM32G0xx_HAL_Driver/Src/stm32g0xx_hal_rcc.o
                0x00000000080030e4                HAL_RCC_ClockConfig
 .text.HAL_RCC_GetSysClockFreq
                0x00000000080032f4      0x104 Drivers/STM32G0xx_HAL_Driver/Src/stm32g0xx_hal_rcc.o
                0x00000000080032f4                HAL_RCC_GetSysClockFreq
 .text.HAL_RCC_GetHCLKFreq
                0x00000000080033f8       0x14 Drivers/STM32G0xx_HAL_Driver/Src/stm32g0xx_hal_rcc.o
                0x00000000080033f8                HAL_RCC_GetHCLKFreq
 .text.HAL_RCC_GetPCLK1Freq
                0x000000000800340c       0x2c Drivers/STM32G0xx_HAL_Driver/Src/stm32g0xx_hal_rcc.o
                0x000000000800340c                HAL_RCC_GetPCLK1Freq
 .text.HAL_RCCEx_PeriphCLKConfig
                0x0000000008003438      0x370 Drivers/STM32G0xx_HAL_Driver/Src/stm32g0xx_hal_rcc_ex.o
                0x0000000008003438                HAL_RCCEx_PeriphCLKConfig
 .text.HAL_UART_Init
                0x00000000080037a8       0xac Drivers/STM32G0xx_HAL_Driver/Src/stm32g0xx_hal_uart.o
                0x00000000080037a8                HAL_UART_Init
 .text.HAL_UART_Transmit
                0x0000000008003854      0x156 Drivers/STM32G0xx_HAL_Driver/Src/stm32g0xx_hal_uart.o
                0x0000000008003854                HAL_UART_Transmit
 *fill*         0x00000000080039aa        0x2 
 .text.HAL_UART_IRQHandler
                0x00000000080039ac      0x2bc Drivers/STM32G0xx_HAL_Driver/Src/stm32g0xx_hal_uart.o
                0x00000000080039ac                HAL_UART_IRQHandler
 .text.HAL_UART_TxCpltCallback
                0x0000000008003c68       0x10 Drivers/STM32G0xx_HAL_Driver/Src/stm32g0xx_hal_uart.o
                0x0000000008003c68                HAL_UART_TxCpltCallback
 .text.HAL_UART_ErrorCallback
                0x0000000008003c78       0x10 Drivers/STM32G0xx_HAL_Driver/Src/stm32g0xx_hal_uart.o
                0x0000000008003c78                HAL_UART_ErrorCallback
 .text.UART_SetConfig
                0x0000000008003c88     0x11e8 Drivers/STM32G0xx_HAL_Driver/Src/stm32g0xx_hal_uart.o
                0x0000000008003c88                UART_SetConfig
 .text.UART_AdvFeatureConfig
                0x0000000008004e70      0x168 Drivers/STM32G0xx_HAL_Driver/Src/stm32g0xx_hal_uart.o
                0x0000000008004e70                UART_AdvFeatureConfig
 .text.UART_CheckIdleState
                0x0000000008004fd8       0x94 Drivers/STM32G0xx_HAL_Driver/Src/stm32g0xx_hal_uart.o
                0x0000000008004fd8                UART_CheckIdleState
 .text.UART_WaitOnFlagUntilTimeout
                0x000000000800506c       0x98 Drivers/STM32G0xx_HAL_Driver/Src/stm32g0xx_hal_uart.o
                0x000000000800506c                UART_WaitOnFlagUntilTimeout
 .text.UART_EndRxTransfer
                0x0000000008005104       0x48 Drivers/STM32G0xx_HAL_Driver/Src/stm32g0xx_hal_uart.o
 .text.UART_DMAAbortOnError
                0x000000000800514c       0x2e Drivers/STM32G0xx_HAL_Driver/Src/stm32g0xx_hal_uart.o
 .text.UART_EndTransmit_IT
                0x000000000800517a       0x36 Drivers/STM32G0xx_HAL_Driver/Src/stm32g0xx_hal_uart.o
 .text.HAL_UARTEx_WakeupCallback
                0x00000000080051b0       0x10 Drivers/STM32G0xx_HAL_Driver/Src/stm32g0xx_hal_uart_ex.o
                0x00000000080051b0                HAL_UARTEx_WakeupCallback
 .text.HAL_UARTEx_RxFifoFullCallback
                0x00000000080051c0       0x10 Drivers/STM32G0xx_HAL_Driver/Src/stm32g0xx_hal_uart_ex.o
                0x00000000080051c0                HAL_UARTEx_RxFifoFullCallback
 .text.HAL_UARTEx_TxFifoEmptyCallback
                0x00000000080051d0       0x10 Drivers/STM32G0xx_HAL_Driver/Src/stm32g0xx_hal_uart_ex.o
                0x00000000080051d0                HAL_UARTEx_TxFifoEmptyCallback
 .text.HAL_UARTEx_DisableFifoMode
                0x00000000080051e0       0x74 Drivers/STM32G0xx_HAL_Driver/Src/stm32g0xx_hal_uart_ex.o
                0x00000000080051e0                HAL_UARTEx_DisableFifoMode
 .text.HAL_UARTEx_SetTxFifoThreshold
                0x0000000008005254       0x7e Drivers/STM32G0xx_HAL_Driver/Src/stm32g0xx_hal_uart_ex.o
                0x0000000008005254                HAL_UARTEx_SetTxFifoThreshold
 *fill*         0x00000000080052d2        0x2 
 .text.HAL_UARTEx_SetRxFifoThreshold
                0x00000000080052d4       0x84 Drivers/STM32G0xx_HAL_Driver/Src/stm32g0xx_hal_uart_ex.o
                0x00000000080052d4                HAL_UARTEx_SetRxFifoThreshold
 .text.UARTEx_SetNbDataToProcess
                0x0000000008005358       0xd4 Drivers/STM32G0xx_HAL_Driver/Src/stm32g0xx_hal_uart_ex.o
 .text.u8g2_ClearBuffer
                0x000000000800542c       0x3a Drivers/u8g2/csrc/u8g2_buffer.o
                0x000000000800542c                u8g2_ClearBuffer
 .text.u8g2_send_tile_row
                0x0000000008005466       0x7a Drivers/u8g2/csrc/u8g2_buffer.o
 .text.u8g2_send_buffer
                0x00000000080054e0       0x86 Drivers/u8g2/csrc/u8g2_buffer.o
 .text.u8g2_SendBuffer
                0x0000000008005566       0x20 Drivers/u8g2/csrc/u8g2_buffer.o
                0x0000000008005566                u8g2_SendBuffer
 .text.u8g2_SetBufferCurrTileRow
                0x0000000008005586       0x38 Drivers/u8g2/csrc/u8g2_buffer.o
                0x0000000008005586                u8g2_SetBufferCurrTileRow
 .text.u8g2_FirstPage
                0x00000000080055be       0x2c Drivers/u8g2/csrc/u8g2_buffer.o
                0x00000000080055be                u8g2_FirstPage
 .text.u8g2_NextPage
                0x00000000080055ea       0x72 Drivers/u8g2/csrc/u8g2_buffer.o
                0x00000000080055ea                u8g2_NextPage
 .text.u8g2_ClearDisplay
                0x000000000800565c       0x2e Drivers/u8g2/csrc/u8g2_cleardisplay.o
                0x000000000800565c                u8g2_ClearDisplay
 *fill*         0x000000000800568a        0x2 
 .text.u8g2_m_16_8_f
                0x000000000800568c       0x1c Drivers/u8g2/csrc/u8g2_d_memory.o
                0x000000000800568c                u8g2_m_16_8_f
 .text.u8g2_Setup_ssd1306_i2c_128x64_noname_f
                0x00000000080056a8       0x58 Drivers/u8g2/csrc/u8g2_d_setup.o
                0x00000000080056a8                u8g2_Setup_ssd1306_i2c_128x64_noname_f
 .text.u8g2_font_get_byte
                0x0000000008005700       0x24 Drivers/u8g2/csrc/u8g2_font.o
 .text.u8g2_font_get_word
                0x0000000008005724       0x4e Drivers/u8g2/csrc/u8g2_font.o
 .text.u8g2_read_font_info
                0x0000000008005772      0x17a Drivers/u8g2/csrc/u8g2_font.o
                0x0000000008005772                u8g2_read_font_info
 .text.u8g2_font_decode_get_unsigned_bits
                0x00000000080058ec       0xd6 Drivers/u8g2/csrc/u8g2_font.o
                0x00000000080058ec                u8g2_font_decode_get_unsigned_bits
 .text.u8g2_font_decode_get_signed_bits
                0x00000000080059c2       0x66 Drivers/u8g2/csrc/u8g2_font.o
                0x00000000080059c2                u8g2_font_decode_get_signed_bits
 .text.u8g2_add_vector_y
                0x0000000008005a28       0x82 Drivers/u8g2/csrc/u8g2_font.o
                0x0000000008005a28                u8g2_add_vector_y
 .text.u8g2_add_vector_x
                0x0000000008005aaa       0x82 Drivers/u8g2/csrc/u8g2_font.o
                0x0000000008005aaa                u8g2_add_vector_x
 .text.u8g2_font_decode_len
                0x0000000008005b2c      0x1b0 Drivers/u8g2/csrc/u8g2_font.o
                0x0000000008005b2c                u8g2_font_decode_len
 .text.u8g2_font_setup_decode
                0x0000000008005cdc       0x6e Drivers/u8g2/csrc/u8g2_font.o
 .text.u8g2_font_decode_glyph
                0x0000000008005d4a      0x2e4 Drivers/u8g2/csrc/u8g2_font.o
                0x0000000008005d4a                u8g2_font_decode_glyph
 .text.u8g2_font_get_glyph_data
                0x000000000800602e      0x12a Drivers/u8g2/csrc/u8g2_font.o
                0x000000000800602e                u8g2_font_get_glyph_data
 .text.u8g2_font_draw_glyph
                0x0000000008006158       0x78 Drivers/u8g2/csrc/u8g2_font.o
 .text.u8g2_DrawGlyph
                0x00000000080061d0       0xc2 Drivers/u8g2/csrc/u8g2_font.o
                0x00000000080061d0                u8g2_DrawGlyph
 *fill*         0x0000000008006292        0x2 
 .text.u8g2_draw_string
                0x0000000008006294      0x11c Drivers/u8g2/csrc/u8g2_font.o
 .text.u8g2_DrawStr
                0x00000000080063b0       0x44 Drivers/u8g2/csrc/u8g2_font.o
                0x00000000080063b0                u8g2_DrawStr
 .text.u8g2_UpdateRefHeight
                0x00000000080063f4       0xd4 Drivers/u8g2/csrc/u8g2_font.o
                0x00000000080063f4                u8g2_UpdateRefHeight
 .text.u8g2_font_calc_vref_font
                0x00000000080064c8       0x12 Drivers/u8g2/csrc/u8g2_font.o
                0x00000000080064c8                u8g2_font_calc_vref_font
 *fill*         0x00000000080064da        0x2 
 .text.u8g2_SetFontPosBaseline
                0x00000000080064dc       0x1c Drivers/u8g2/csrc/u8g2_font.o
                0x00000000080064dc                u8g2_SetFontPosBaseline
 .text.u8g2_SetFont
                0x00000000080064f8       0x38 Drivers/u8g2/csrc/u8g2_font.o
                0x00000000080064f8                u8g2_SetFont
 .text.u8g2_clip_intersection2
                0x0000000008006530       0xf2 Drivers/u8g2/csrc/u8g2_hvline.o
 .text.u8g2_draw_hv_line_2dir
                0x0000000008006622       0x56 Drivers/u8g2/csrc/u8g2_hvline.o
                0x0000000008006622                u8g2_draw_hv_line_2dir
 .text.u8g2_DrawHVLine
                0x0000000008006678      0x14a Drivers/u8g2/csrc/u8g2_hvline.o
                0x0000000008006678                u8g2_DrawHVLine
 .text.u8g2_is_intersection_decision_tree
                0x00000000080067c2       0x80 Drivers/u8g2/csrc/u8g2_intersection.o
                0x00000000080067c2                u8g2_is_intersection_decision_tree
 .text.u8g2_IsIntersection
                0x0000000008006842       0x68 Drivers/u8g2/csrc/u8g2_intersection.o
                0x0000000008006842                u8g2_IsIntersection
 .text.u8g2_ll_hvline_vertical_top_lsb
                0x00000000080068aa      0x1bc Drivers/u8g2/csrc/u8g2_ll_hvline.o
                0x00000000080068aa                u8g2_ll_hvline_vertical_top_lsb
 .text.u8g2_SetMaxClipWindow
                0x0000000008006a66       0x3c Drivers/u8g2/csrc/u8g2_setup.o
                0x0000000008006a66                u8g2_SetMaxClipWindow
 .text.u8g2_SetupBuffer
                0x0000000008006aa2       0x86 Drivers/u8g2/csrc/u8g2_setup.o
                0x0000000008006aa2                u8g2_SetupBuffer
 .text.u8g2_update_dimension_common
                0x0000000008006b28      0x126 Drivers/u8g2/csrc/u8g2_setup.o
 .text.u8g2_apply_clip_window
                0x0000000008006c4e       0xba Drivers/u8g2/csrc/u8g2_setup.o
 .text.u8g2_update_dimension_r0
                0x0000000008006d08       0x18 Drivers/u8g2/csrc/u8g2_setup.o
                0x0000000008006d08                u8g2_update_dimension_r0
 .text.u8g2_update_page_win_r0
                0x0000000008006d20       0x44 Drivers/u8g2/csrc/u8g2_setup.o
                0x0000000008006d20                u8g2_update_page_win_r0
 .text.u8g2_draw_l90_r0
                0x0000000008006d64       0x44 Drivers/u8g2/csrc/u8g2_setup.o
                0x0000000008006d64                u8g2_draw_l90_r0
 .text.u8x8_utf8_init
                0x0000000008006da8       0x18 Drivers/u8g2/csrc/u8x8_8x8.o
                0x0000000008006da8                u8x8_utf8_init
 .text.u8x8_ascii_next
                0x0000000008006dc0       0x34 Drivers/u8g2/csrc/u8x8_8x8.o
                0x0000000008006dc0                u8x8_ascii_next
 .text.u8x8_byte_SendBytes
                0x0000000008006df4       0x2e Drivers/u8g2/csrc/u8x8_byte.o
                0x0000000008006df4                u8x8_byte_SendBytes
 .text.u8x8_byte_SendByte
                0x0000000008006e22       0x24 Drivers/u8g2/csrc/u8x8_byte.o
                0x0000000008006e22                u8x8_byte_SendByte
 .text.u8x8_byte_StartTransfer
                0x0000000008006e46       0x20 Drivers/u8g2/csrc/u8x8_byte.o
                0x0000000008006e46                u8x8_byte_StartTransfer
 .text.u8x8_byte_EndTransfer
                0x0000000008006e66       0x20 Drivers/u8g2/csrc/u8x8_byte.o
                0x0000000008006e66                u8x8_byte_EndTransfer
 .text.u8x8_cad_SendCmd
                0x0000000008006e86       0x28 Drivers/u8g2/csrc/u8x8_cad.o
                0x0000000008006e86                u8x8_cad_SendCmd
 .text.u8x8_cad_SendArg
                0x0000000008006eae       0x28 Drivers/u8g2/csrc/u8x8_cad.o
                0x0000000008006eae                u8x8_cad_SendArg
 .text.u8x8_cad_SendData
                0x0000000008006ed6       0x2e Drivers/u8g2/csrc/u8x8_cad.o
                0x0000000008006ed6                u8x8_cad_SendData
 .text.u8x8_cad_StartTransfer
                0x0000000008006f04       0x20 Drivers/u8g2/csrc/u8x8_cad.o
                0x0000000008006f04                u8x8_cad_StartTransfer
 .text.u8x8_cad_EndTransfer
                0x0000000008006f24       0x20 Drivers/u8g2/csrc/u8x8_cad.o
                0x0000000008006f24                u8x8_cad_EndTransfer
 .text.u8x8_cad_SendSequence
                0x0000000008006f44       0xb6 Drivers/u8g2/csrc/u8x8_cad.o
                0x0000000008006f44                u8x8_cad_SendSequence
 .text.u8x8_i2c_data_transfer
                0x0000000008006ffa       0x46 Drivers/u8g2/csrc/u8x8_cad.o
 .text.u8x8_cad_ssd13xx_fast_i2c
                0x0000000008007040      0x13c Drivers/u8g2/csrc/u8x8_cad.o
                0x0000000008007040                u8x8_cad_ssd13xx_fast_i2c
 .text.u8x8_d_ssd1306_sh1106_generic
                0x000000000800717c      0x1a0 Drivers/u8g2/csrc/u8x8_d_ssd1306_128x64_noname.o
 .text.u8x8_d_ssd1306_128x64_noname
                0x000000000800731c       0x80 Drivers/u8g2/csrc/u8x8_d_ssd1306_128x64_noname.o
                0x000000000800731c                u8x8_d_ssd1306_128x64_noname
 .text.u8x8_d_helper_display_setup_memory
                0x000000000800739c       0x24 Drivers/u8g2/csrc/u8x8_display.o
                0x000000000800739c                u8x8_d_helper_display_setup_memory
 .text.u8x8_d_helper_display_init
                0x00000000080073c0       0x80 Drivers/u8g2/csrc/u8x8_display.o
                0x00000000080073c0                u8x8_d_helper_display_init
 .text.u8x8_DrawTile
                0x0000000008007440       0x58 Drivers/u8g2/csrc/u8x8_display.o
                0x0000000008007440                u8x8_DrawTile
 .text.u8x8_SetupMemory
                0x0000000008007498       0x1e Drivers/u8g2/csrc/u8x8_display.o
                0x0000000008007498                u8x8_SetupMemory
 .text.u8x8_InitDisplay
                0x00000000080074b6       0x1e Drivers/u8g2/csrc/u8x8_display.o
                0x00000000080074b6                u8x8_InitDisplay
 .text.u8x8_SetPowerSave
                0x00000000080074d4       0x26 Drivers/u8g2/csrc/u8x8_display.o
                0x00000000080074d4                u8x8_SetPowerSave
 .text.u8x8_RefreshDisplay
                0x00000000080074fa       0x1e Drivers/u8g2/csrc/u8x8_display.o
                0x00000000080074fa                u8x8_RefreshDisplay
 .text.u8x8_gpio_call
                0x0000000008007518       0x32 Drivers/u8g2/csrc/u8x8_gpio.o
                0x0000000008007518                u8x8_gpio_call
 .text.u8x8_dummy_cb
                0x000000000800754a       0x28 Drivers/u8g2/csrc/u8x8_setup.o
                0x000000000800754a                u8x8_dummy_cb
 *fill*         0x0000000008007572        0x2 
 .text.u8x8_SetupDefaults
                0x0000000008007574       0x58 Drivers/u8g2/csrc/u8x8_setup.o
                0x0000000008007574                u8x8_SetupDefaults
 .text.u8x8_Setup
                0x00000000080075cc       0x3e Drivers/u8g2/csrc/u8x8_setup.o
                0x00000000080075cc                u8x8_Setup
 *fill*         0x000000000800760a        0x2 
 .text.__errno  0x000000000800760c        0xc d:/program files/stmicroelectronics/stm32cubeide_1.4.0/stm32cubeide/plugins/com.st.stm32cube.ide.mcu.externaltools.gnu-tools-for-stm32.7-2018-q2-update.win32_1.4.0.202007081208/tools/bin/../lib/gcc/arm-none-eabi/7.3.1/../../../../arm-none-eabi/lib/thumb/v6-m\libc_nano.a(lib_a-errno.o)
                0x000000000800760c                __errno
 .text.__libc_init_array
                0x0000000008007618       0x48 d:/program files/stmicroelectronics/stm32cubeide_1.4.0/stm32cubeide/plugins/com.st.stm32cube.ide.mcu.externaltools.gnu-tools-for-stm32.7-2018-q2-update.win32_1.4.0.202007081208/tools/bin/../lib/gcc/arm-none-eabi/7.3.1/../../../../arm-none-eabi/lib/thumb/v6-m\libc_nano.a(lib_a-init.o)
                0x0000000008007618                __libc_init_array
 .text.memset   0x0000000008007660       0x10 d:/program files/stmicroelectronics/stm32cubeide_1.4.0/stm32cubeide/plugins/com.st.stm32cube.ide.mcu.externaltools.gnu-tools-for-stm32.7-2018-q2-update.win32_1.4.0.202007081208/tools/bin/../lib/gcc/arm-none-eabi/7.3.1/../../../../arm-none-eabi/lib/thumb/v6-m\libc_nano.a(lib_a-memset.o)
                0x0000000008007660                memset
 .text._puts_r  0x0000000008007670       0xc0 d:/program files/stmicroelectronics/stm32cubeide_1.4.0/stm32cubeide/plugins/com.st.stm32cube.ide.mcu.externaltools.gnu-tools-for-stm32.7-2018-q2-update.win32_1.4.0.202007081208/tools/bin/../lib/gcc/arm-none-eabi/7.3.1/../../../../arm-none-eabi/lib/thumb/v6-m\libc_nano.a(lib_a-puts.o)
                0x0000000008007670                _puts_r
 .text.puts     0x0000000008007730       0x14 d:/program files/stmicroelectronics/stm32cubeide_1.4.0/stm32cubeide/plugins/com.st.stm32cube.ide.mcu.externaltools.gnu-tools-for-stm32.7-2018-q2-update.win32_1.4.0.202007081208/tools/bin/../lib/gcc/arm-none-eabi/7.3.1/../../../../arm-none-eabi/lib/thumb/v6-m\libc_nano.a(lib_a-puts.o)
                0x0000000008007730                puts
 .text.sprintf  0x0000000008007744       0x40 d:/program files/stmicroelectronics/stm32cubeide_1.4.0/stm32cubeide/plugins/com.st.stm32cube.ide.mcu.externaltools.gnu-tools-for-stm32.7-2018-q2-update.win32_1.4.0.202007081208/tools/bin/../lib/gcc/arm-none-eabi/7.3.1/../../../../arm-none-eabi/lib/thumb/v6-m\libc_nano.a(lib_a-sprintf.o)
                0x0000000008007744                siprintf
                0x0000000008007744                sprintf
 .text.__swbuf_r
                0x0000000008007784       0xac d:/program files/stmicroelectronics/stm32cubeide_1.4.0/stm32cubeide/plugins/com.st.stm32cube.ide.mcu.externaltools.gnu-tools-for-stm32.7-2018-q2-update.win32_1.4.0.202007081208/tools/bin/../lib/gcc/arm-none-eabi/7.3.1/../../../../arm-none-eabi/lib/thumb/v6-m\libc_nano.a(lib_a-wbuf.o)
                0x0000000008007784                __swbuf_r
 .text.__swsetup_r
                0x0000000008007830       0xec d:/program files/stmicroelectronics/stm32cubeide_1.4.0/stm32cubeide/plugins/com.st.stm32cube.ide.mcu.externaltools.gnu-tools-for-stm32.7-2018-q2-update.win32_1.4.0.202007081208/tools/bin/../lib/gcc/arm-none-eabi/7.3.1/../../../../arm-none-eabi/lib/thumb/v6-m\libc_nano.a(lib_a-wsetup.o)
                0x0000000008007830                __swsetup_r
 .text.__sflush_r
                0x000000000800791c      0x114 d:/program files/stmicroelectronics/stm32cubeide_1.4.0/stm32cubeide/plugins/com.st.stm32cube.ide.mcu.externaltools.gnu-tools-for-stm32.7-2018-q2-update.win32_1.4.0.202007081208/tools/bin/../lib/gcc/arm-none-eabi/7.3.1/../../../../arm-none-eabi/lib/thumb/v6-m\libc_nano.a(lib_a-fflush.o)
                0x000000000800791c                __sflush_r
 .text._fflush_r
                0x0000000008007a30       0x58 d:/program files/stmicroelectronics/stm32cubeide_1.4.0/stm32cubeide/plugins/com.st.stm32cube.ide.mcu.externaltools.gnu-tools-for-stm32.7-2018-q2-update.win32_1.4.0.202007081208/tools/bin/../lib/gcc/arm-none-eabi/7.3.1/../../../../arm-none-eabi/lib/thumb/v6-m\libc_nano.a(lib_a-fflush.o)
                0x0000000008007a30                _fflush_r
 .text.std      0x0000000008007a88       0x48 d:/program files/stmicroelectronics/stm32cubeide_1.4.0/stm32cubeide/plugins/com.st.stm32cube.ide.mcu.externaltools.gnu-tools-for-stm32.7-2018-q2-update.win32_1.4.0.202007081208/tools/bin/../lib/gcc/arm-none-eabi/7.3.1/../../../../arm-none-eabi/lib/thumb/v6-m\libc_nano.a(lib_a-findfp.o)
 .text._cleanup_r
                0x0000000008007ad0       0x10 d:/program files/stmicroelectronics/stm32cubeide_1.4.0/stm32cubeide/plugins/com.st.stm32cube.ide.mcu.externaltools.gnu-tools-for-stm32.7-2018-q2-update.win32_1.4.0.202007081208/tools/bin/../lib/gcc/arm-none-eabi/7.3.1/../../../../arm-none-eabi/lib/thumb/v6-m\libc_nano.a(lib_a-findfp.o)
                0x0000000008007ad0                _cleanup_r
 .text.__sfmoreglue
                0x0000000008007ae0       0x2c d:/program files/stmicroelectronics/stm32cubeide_1.4.0/stm32cubeide/plugins/com.st.stm32cube.ide.mcu.externaltools.gnu-tools-for-stm32.7-2018-q2-update.win32_1.4.0.202007081208/tools/bin/../lib/gcc/arm-none-eabi/7.3.1/../../../../arm-none-eabi/lib/thumb/v6-m\libc_nano.a(lib_a-findfp.o)
                0x0000000008007ae0                __sfmoreglue
 .text.__sinit  0x0000000008007b0c       0x68 d:/program files/stmicroelectronics/stm32cubeide_1.4.0/stm32cubeide/plugins/com.st.stm32cube.ide.mcu.externaltools.gnu-tools-for-stm32.7-2018-q2-update.win32_1.4.0.202007081208/tools/bin/../lib/gcc/arm-none-eabi/7.3.1/../../../../arm-none-eabi/lib/thumb/v6-m\libc_nano.a(lib_a-findfp.o)
                0x0000000008007b0c                __sinit
 .text.__sfp    0x0000000008007b74       0x7c d:/program files/stmicroelectronics/stm32cubeide_1.4.0/stm32cubeide/plugins/com.st.stm32cube.ide.mcu.externaltools.gnu-tools-for-stm32.7-2018-q2-update.win32_1.4.0.202007081208/tools/bin/../lib/gcc/arm-none-eabi/7.3.1/../../../../arm-none-eabi/lib/thumb/v6-m\libc_nano.a(lib_a-findfp.o)
                0x0000000008007b74                __sfp
 .text._fwalk_reent
                0x0000000008007bf0       0x42 d:/program files/stmicroelectronics/stm32cubeide_1.4.0/stm32cubeide/plugins/com.st.stm32cube.ide.mcu.externaltools.gnu-tools-for-stm32.7-2018-q2-update.win32_1.4.0.202007081208/tools/bin/../lib/gcc/arm-none-eabi/7.3.1/../../../../arm-none-eabi/lib/thumb/v6-m\libc_nano.a(lib_a-fwalk.o)
                0x0000000008007bf0                _fwalk_reent
 *fill*         0x0000000008007c32        0x2 
 .text.__swhatbuf_r
                0x0000000008007c34       0x50 d:/program files/stmicroelectronics/stm32cubeide_1.4.0/stm32cubeide/plugins/com.st.stm32cube.ide.mcu.externaltools.gnu-tools-for-stm32.7-2018-q2-update.win32_1.4.0.202007081208/tools/bin/../lib/gcc/arm-none-eabi/7.3.1/../../../../arm-none-eabi/lib/thumb/v6-m\libc_nano.a(lib_a-makebuf.o)
                0x0000000008007c34                __swhatbuf_r
 .text.__smakebuf_r
                0x0000000008007c84       0x88 d:/program files/stmicroelectronics/stm32cubeide_1.4.0/stm32cubeide/plugins/com.st.stm32cube.ide.mcu.externaltools.gnu-tools-for-stm32.7-2018-q2-update.win32_1.4.0.202007081208/tools/bin/../lib/gcc/arm-none-eabi/7.3.1/../../../../arm-none-eabi/lib/thumb/v6-m\libc_nano.a(lib_a-makebuf.o)
                0x0000000008007c84                __smakebuf_r
 .text._free_r  0x0000000008007d0c       0x94 d:/program files/stmicroelectronics/stm32cubeide_1.4.0/stm32cubeide/plugins/com.st.stm32cube.ide.mcu.externaltools.gnu-tools-for-stm32.7-2018-q2-update.win32_1.4.0.202007081208/tools/bin/../lib/gcc/arm-none-eabi/7.3.1/../../../../arm-none-eabi/lib/thumb/v6-m\libc_nano.a(lib_a-nano-freer.o)
                0x0000000008007d0c                _free_r
 .text._malloc_r
                0x0000000008007da0       0xbc d:/program files/stmicroelectronics/stm32cubeide_1.4.0/stm32cubeide/plugins/com.st.stm32cube.ide.mcu.externaltools.gnu-tools-for-stm32.7-2018-q2-update.win32_1.4.0.202007081208/tools/bin/../lib/gcc/arm-none-eabi/7.3.1/../../../../arm-none-eabi/lib/thumb/v6-m\libc_nano.a(lib_a-nano-mallocr.o)
                0x0000000008007da0                _malloc_r
 .text.__ssputs_r
                0x0000000008007e5c       0xc4 d:/program files/stmicroelectronics/stm32cubeide_1.4.0/stm32cubeide/plugins/com.st.stm32cube.ide.mcu.externaltools.gnu-tools-for-stm32.7-2018-q2-update.win32_1.4.0.202007081208/tools/bin/../lib/gcc/arm-none-eabi/7.3.1/../../../../arm-none-eabi/lib/thumb/v6-m\libc_nano.a(lib_a-nano-svfprintf.o)
                0x0000000008007e5c                __ssputs_r
 .text._svfprintf_r
                0x0000000008007f20      0x1fc d:/program files/stmicroelectronics/stm32cubeide_1.4.0/stm32cubeide/plugins/com.st.stm32cube.ide.mcu.externaltools.gnu-tools-for-stm32.7-2018-q2-update.win32_1.4.0.202007081208/tools/bin/../lib/gcc/arm-none-eabi/7.3.1/../../../../arm-none-eabi/lib/thumb/v6-m\libc_nano.a(lib_a-nano-svfprintf.o)
                0x0000000008007f20                _svfiprintf_r
                0x0000000008007f20                _svfprintf_r
 .text._printf_common
                0x000000000800811c       0xda d:/program files/stmicroelectronics/stm32cubeide_1.4.0/stm32cubeide/plugins/com.st.stm32cube.ide.mcu.externaltools.gnu-tools-for-stm32.7-2018-q2-update.win32_1.4.0.202007081208/tools/bin/../lib/gcc/arm-none-eabi/7.3.1/../../../../arm-none-eabi/lib/thumb/v6-m\libc_nano.a(lib_a-nano-vfprintf_i.o)
                0x000000000800811c                _printf_common
 *fill*         0x00000000080081f6        0x2 
 .text._printf_i
                0x00000000080081f8      0x210 d:/program files/stmicroelectronics/stm32cubeide_1.4.0/stm32cubeide/plugins/com.st.stm32cube.ide.mcu.externaltools.gnu-tools-for-stm32.7-2018-q2-update.win32_1.4.0.202007081208/tools/bin/../lib/gcc/arm-none-eabi/7.3.1/../../../../arm-none-eabi/lib/thumb/v6-m\libc_nano.a(lib_a-nano-vfprintf_i.o)
                0x00000000080081f8                _printf_i
 .text._sbrk_r  0x0000000008008408       0x24 d:/program files/stmicroelectronics/stm32cubeide_1.4.0/stm32cubeide/plugins/com.st.stm32cube.ide.mcu.externaltools.gnu-tools-for-stm32.7-2018-q2-update.win32_1.4.0.202007081208/tools/bin/../lib/gcc/arm-none-eabi/7.3.1/../../../../arm-none-eabi/lib/thumb/v6-m\libc_nano.a(lib_a-sbrkr.o)
                0x0000000008008408                _sbrk_r
 .text.__sread  0x000000000800842c       0x28 d:/program files/stmicroelectronics/stm32cubeide_1.4.0/stm32cubeide/plugins/com.st.stm32cube.ide.mcu.externaltools.gnu-tools-for-stm32.7-2018-q2-update.win32_1.4.0.202007081208/tools/bin/../lib/gcc/arm-none-eabi/7.3.1/../../../../arm-none-eabi/lib/thumb/v6-m\libc_nano.a(lib_a-stdio.o)
                0x000000000800842c                __sread
 .text.__swrite
                0x0000000008008454       0x38 d:/program files/stmicroelectronics/stm32cubeide_1.4.0/stm32cubeide/plugins/com.st.stm32cube.ide.mcu.externaltools.gnu-tools-for-stm32.7-2018-q2-update.win32_1.4.0.202007081208/tools/bin/../lib/gcc/arm-none-eabi/7.3.1/../../../../arm-none-eabi/lib/thumb/v6-m\libc_nano.a(lib_a-stdio.o)
                0x0000000008008454                __swrite
 .text.__sseek  0x000000000800848c       0x2c d:/program files/stmicroelectronics/stm32cubeide_1.4.0/stm32cubeide/plugins/com.st.stm32cube.ide.mcu.externaltools.gnu-tools-for-stm32.7-2018-q2-update.win32_1.4.0.202007081208/tools/bin/../lib/gcc/arm-none-eabi/7.3.1/../../../../arm-none-eabi/lib/thumb/v6-m\libc_nano.a(lib_a-stdio.o)
                0x000000000800848c                __sseek
 .text.__sclose
                0x00000000080084b8        0xc d:/program files/stmicroelectronics/stm32cubeide_1.4.0/stm32cubeide/plugins/com.st.stm32cube.ide.mcu.externaltools.gnu-tools-for-stm32.7-2018-q2-update.win32_1.4.0.202007081208/tools/bin/../lib/gcc/arm-none-eabi/7.3.1/../../../../arm-none-eabi/lib/thumb/v6-m\libc_nano.a(lib_a-stdio.o)
                0x00000000080084b8                __sclose
 .text._write_r
                0x00000000080084c4       0x28 d:/program files/stmicroelectronics/stm32cubeide_1.4.0/stm32cubeide/plugins/com.st.stm32cube.ide.mcu.externaltools.gnu-tools-for-stm32.7-2018-q2-update.win32_1.4.0.202007081208/tools/bin/../lib/gcc/arm-none-eabi/7.3.1/../../../../arm-none-eabi/lib/thumb/v6-m\libc_nano.a(lib_a-writer.o)
                0x00000000080084c4                _write_r
 .text._close_r
                0x00000000080084ec       0x24 d:/program files/stmicroelectronics/stm32cubeide_1.4.0/stm32cubeide/plugins/com.st.stm32cube.ide.mcu.externaltools.gnu-tools-for-stm32.7-2018-q2-update.win32_1.4.0.202007081208/tools/bin/../lib/gcc/arm-none-eabi/7.3.1/../../../../arm-none-eabi/lib/thumb/v6-m\libc_nano.a(lib_a-closer.o)
                0x00000000080084ec                _close_r
 .text._fstat_r
                0x0000000008008510       0x24 d:/program files/stmicroelectronics/stm32cubeide_1.4.0/stm32cubeide/plugins/com.st.stm32cube.ide.mcu.externaltools.gnu-tools-for-stm32.7-2018-q2-update.win32_1.4.0.202007081208/tools/bin/../lib/gcc/arm-none-eabi/7.3.1/../../../../arm-none-eabi/lib/thumb/v6-m\libc_nano.a(lib_a-fstatr.o)
                0x0000000008008510                _fstat_r
 .text._isatty_r
                0x0000000008008534       0x24 d:/program files/stmicroelectronics/stm32cubeide_1.4.0/stm32cubeide/plugins/com.st.stm32cube.ide.mcu.externaltools.gnu-tools-for-stm32.7-2018-q2-update.win32_1.4.0.202007081208/tools/bin/../lib/gcc/arm-none-eabi/7.3.1/../../../../arm-none-eabi/lib/thumb/v6-m\libc_nano.a(lib_a-isattyr.o)
                0x0000000008008534                _isatty_r
 .text._lseek_r
                0x0000000008008558       0x28 d:/program files/stmicroelectronics/stm32cubeide_1.4.0/stm32cubeide/plugins/com.st.stm32cube.ide.mcu.externaltools.gnu-tools-for-stm32.7-2018-q2-update.win32_1.4.0.202007081208/tools/bin/../lib/gcc/arm-none-eabi/7.3.1/../../../../arm-none-eabi/lib/thumb/v6-m\libc_nano.a(lib_a-lseekr.o)
                0x0000000008008558                _lseek_r
 .text.memchr   0x0000000008008580       0x16 d:/program files/stmicroelectronics/stm32cubeide_1.4.0/stm32cubeide/plugins/com.st.stm32cube.ide.mcu.externaltools.gnu-tools-for-stm32.7-2018-q2-update.win32_1.4.0.202007081208/tools/bin/../lib/gcc/arm-none-eabi/7.3.1/../../../../arm-none-eabi/lib/thumb/v6-m\libc_nano.a(lib_a-memchr-stub.o)
                0x0000000008008580                memchr
 .text.memcpy   0x0000000008008596       0x12 d:/program files/stmicroelectronics/stm32cubeide_1.4.0/stm32cubeide/plugins/com.st.stm32cube.ide.mcu.externaltools.gnu-tools-for-stm32.7-2018-q2-update.win32_1.4.0.202007081208/tools/bin/../lib/gcc/arm-none-eabi/7.3.1/../../../../arm-none-eabi/lib/thumb/v6-m\libc_nano.a(lib_a-memcpy-stub.o)
                0x0000000008008596                memcpy
 .text.memmove  0x00000000080085a8       0x26 d:/program files/stmicroelectronics/stm32cubeide_1.4.0/stm32cubeide/plugins/com.st.stm32cube.ide.mcu.externaltools.gnu-tools-for-stm32.7-2018-q2-update.win32_1.4.0.202007081208/tools/bin/../lib/gcc/arm-none-eabi/7.3.1/../../../../arm-none-eabi/lib/thumb/v6-m\libc_nano.a(lib_a-memmove.o)
                0x00000000080085a8                memmove
 .text.__malloc_lock
                0x00000000080085ce        0x2 d:/program files/stmicroelectronics/stm32cubeide_1.4.0/stm32cubeide/plugins/com.st.stm32cube.ide.mcu.externaltools.gnu-tools-for-stm32.7-2018-q2-update.win32_1.4.0.202007081208/tools/bin/../lib/gcc/arm-none-eabi/7.3.1/../../../../arm-none-eabi/lib/thumb/v6-m\libc_nano.a(lib_a-mlock.o)
                0x00000000080085ce                __malloc_lock
 .text.__malloc_unlock
                0x00000000080085d0        0x2 d:/program files/stmicroelectronics/stm32cubeide_1.4.0/stm32cubeide/plugins/com.st.stm32cube.ide.mcu.externaltools.gnu-tools-for-stm32.7-2018-q2-update.win32_1.4.0.202007081208/tools/bin/../lib/gcc/arm-none-eabi/7.3.1/../../../../arm-none-eabi/lib/thumb/v6-m\libc_nano.a(lib_a-mlock.o)
                0x00000000080085d0                __malloc_unlock
 .text._realloc_r
                0x00000000080085d2       0x4c d:/program files/stmicroelectronics/stm32cubeide_1.4.0/stm32cubeide/plugins/com.st.stm32cube.ide.mcu.externaltools.gnu-tools-for-stm32.7-2018-q2-update.win32_1.4.0.202007081208/tools/bin/../lib/gcc/arm-none-eabi/7.3.1/../../../../arm-none-eabi/lib/thumb/v6-m\libc_nano.a(lib_a-nano-reallocr.o)
                0x00000000080085d2                _realloc_r
 *fill*         0x000000000800861e        0x2 
 .text._read_r  0x0000000008008620       0x28 d:/program files/stmicroelectronics/stm32cubeide_1.4.0/stm32cubeide/plugins/com.st.stm32cube.ide.mcu.externaltools.gnu-tools-for-stm32.7-2018-q2-update.win32_1.4.0.202007081208/tools/bin/../lib/gcc/arm-none-eabi/7.3.1/../../../../arm-none-eabi/lib/thumb/v6-m\libc_nano.a(lib_a-readr.o)
                0x0000000008008620                _read_r
 .text._malloc_usable_size_r
                0x0000000008008648       0x10 d:/program files/stmicroelectronics/stm32cubeide_1.4.0/stm32cubeide/plugins/com.st.stm32cube.ide.mcu.externaltools.gnu-tools-for-stm32.7-2018-q2-update.win32_1.4.0.202007081208/tools/bin/../lib/gcc/arm-none-eabi/7.3.1/../../../../arm-none-eabi/lib/thumb/v6-m\libc_nano.a(lib_a-nano-msizer.o)
                0x0000000008008648                _malloc_usable_size_r
 *(.glue_7)
 .glue_7        0x0000000008008658        0x0 linker stubs
 *(.glue_7t)
 .glue_7t       0x0000000008008658        0x0 linker stubs
 *(.eh_frame)
 .eh_frame      0x0000000008008658        0x0 d:/program files/stmicroelectronics/stm32cubeide_1.4.0/stm32cubeide/plugins/com.st.stm32cube.ide.mcu.externaltools.gnu-tools-for-stm32.7-2018-q2-update.win32_1.4.0.202007081208/tools/bin/../lib/gcc/arm-none-eabi/7.3.1/thumb/v6-m/crtbegin.o
 *(.init)
 .init          0x0000000008008658        0x4 d:/program files/stmicroelectronics/stm32cubeide_1.4.0/stm32cubeide/plugins/com.st.stm32cube.ide.mcu.externaltools.gnu-tools-for-stm32.7-2018-q2-update.win32_1.4.0.202007081208/tools/bin/../lib/gcc/arm-none-eabi/7.3.1/thumb/v6-m/crti.o
                0x0000000008008658                _init
 .init          0x000000000800865c        0x8 d:/program files/stmicroelectronics/stm32cubeide_1.4.0/stm32cubeide/plugins/com.st.stm32cube.ide.mcu.externaltools.gnu-tools-for-stm32.7-2018-q2-update.win32_1.4.0.202007081208/tools/bin/../lib/gcc/arm-none-eabi/7.3.1/thumb/v6-m/crtn.o
 *(.fini)
 .fini          0x0000000008008664        0x4 d:/program files/stmicroelectronics/stm32cubeide_1.4.0/stm32cubeide/plugins/com.st.stm32cube.ide.mcu.externaltools.gnu-tools-for-stm32.7-2018-q2-update.win32_1.4.0.202007081208/tools/bin/../lib/gcc/arm-none-eabi/7.3.1/thumb/v6-m/crti.o
                0x0000000008008664                _fini
 .fini          0x0000000008008668        0x8 d:/program files/stmicroelectronics/stm32cubeide_1.4.0/stm32cubeide/plugins/com.st.stm32cube.ide.mcu.externaltools.gnu-tools-for-stm32.7-2018-q2-update.win32_1.4.0.202007081208/tools/bin/../lib/gcc/arm-none-eabi/7.3.1/thumb/v6-m/crtn.o
                0x0000000008008670                . = ALIGN (0x4)
                0x0000000008008670                _etext = .

.vfp11_veneer   0x0000000008008670        0x0
 .vfp11_veneer  0x0000000008008670        0x0 linker stubs

.v4_bx          0x0000000008008670        0x0
 .v4_bx         0x0000000008008670        0x0 linker stubs

.iplt           0x0000000008008670        0x0
 .iplt          0x0000000008008670        0x0 d:/program files/stmicroelectronics/stm32cubeide_1.4.0/stm32cubeide/plugins/com.st.stm32cube.ide.mcu.externaltools.gnu-tools-for-stm32.7-2018-q2-update.win32_1.4.0.202007081208/tools/bin/../lib/gcc/arm-none-eabi/7.3.1/thumb/v6-m/crtbegin.o

.rodata         0x0000000008008670     0x18c4
                0x0000000008008670                . = ALIGN (0x4)
 *(.rodata)
 .rodata        0x0000000008008670       0x36 Core/Src/main.o
 *fill*         0x00000000080086a6        0x2 
 .rodata        0x00000000080086a8       0x10 Drivers/STM32G0xx_HAL_Driver/Src/stm32g0xx_hal_uart_ex.o
 *(.rodata*)
 .rodata.u8x8_byte_i2c
                0x00000000080086b8       0x34 Core/Src/main.o
 .rodata.AHBPrescTable
                0x00000000080086ec       0x40 Core/Src/system_stm32g0xx.o
                0x00000000080086ec                AHBPrescTable
 .rodata.APBPrescTable
                0x000000000800872c       0x20 Core/Src/system_stm32g0xx.o
                0x000000000800872c                APBPrescTable
 .rodata.u8g2_font_osb35_tr
                0x000000000800874c     0x16b9 Drivers/u8g2/csrc/u8g2_fonts.o
                0x000000000800874c                u8g2_font_osb35_tr
 *fill*         0x0000000008009e05        0x3 
 .rodata.u8g2_cb_r0
                0x0000000008009e08        0xc Drivers/u8g2/csrc/u8g2_setup.o
                0x0000000008009e08                u8g2_cb_r0
 .rodata.u8x8_cad_ssd13xx_fast_i2c
                0x0000000008009e14       0x18 Drivers/u8g2/csrc/u8x8_cad.o
 .rodata.u8x8_d_ssd1306_128x64_noname_init_seq
                0x0000000008009e2c       0x35 Drivers/u8g2/csrc/u8x8_d_ssd1306_128x64_noname.o
 *fill*         0x0000000008009e61        0x3 
 .rodata.u8x8_d_ssd1306_128x64_noname_powersave0_seq
                0x0000000008009e64        0x5 Drivers/u8g2/csrc/u8x8_d_ssd1306_128x64_noname.o
 *fill*         0x0000000008009e69        0x3 
 .rodata.u8x8_d_ssd1306_128x64_noname_powersave1_seq
                0x0000000008009e6c        0x5 Drivers/u8g2/csrc/u8x8_d_ssd1306_128x64_noname.o
 *fill*         0x0000000008009e71        0x3 
 .rodata.u8x8_d_ssd1306_128x64_noname_flip0_seq
                0x0000000008009e74        0x7 Drivers/u8g2/csrc/u8x8_d_ssd1306_128x64_noname.o
 *fill*         0x0000000008009e7b        0x1 
 .rodata.u8x8_d_ssd1306_128x64_noname_flip1_seq
                0x0000000008009e7c        0x7 Drivers/u8g2/csrc/u8x8_d_ssd1306_128x64_noname.o
 *fill*         0x0000000008009e83        0x1 
 .rodata.u8x8_ssd1306_128x64_noname_display_info
                0x0000000008009e84       0x18 Drivers/u8g2/csrc/u8x8_d_ssd1306_128x64_noname.o
 .rodata._global_impure_ptr
                0x0000000008009e9c        0x4 d:/program files/stmicroelectronics/stm32cubeide_1.4.0/stm32cubeide/plugins/com.st.stm32cube.ide.mcu.externaltools.gnu-tools-for-stm32.7-2018-q2-update.win32_1.4.0.202007081208/tools/bin/../lib/gcc/arm-none-eabi/7.3.1/../../../../arm-none-eabi/lib/thumb/v6-m\libc_nano.a(lib_a-impure.o)
                0x0000000008009e9c                _global_impure_ptr
 .rodata.__sf_fake_stderr
                0x0000000008009ea0       0x20 d:/program files/stmicroelectronics/stm32cubeide_1.4.0/stm32cubeide/plugins/com.st.stm32cube.ide.mcu.externaltools.gnu-tools-for-stm32.7-2018-q2-update.win32_1.4.0.202007081208/tools/bin/../lib/gcc/arm-none-eabi/7.3.1/../../../../arm-none-eabi/lib/thumb/v6-m\libc_nano.a(lib_a-findfp.o)
                0x0000000008009ea0                __sf_fake_stderr
 .rodata.__sf_fake_stdin
                0x0000000008009ec0       0x20 d:/program files/stmicroelectronics/stm32cubeide_1.4.0/stm32cubeide/plugins/com.st.stm32cube.ide.mcu.externaltools.gnu-tools-for-stm32.7-2018-q2-update.win32_1.4.0.202007081208/tools/bin/../lib/gcc/arm-none-eabi/7.3.1/../../../../arm-none-eabi/lib/thumb/v6-m\libc_nano.a(lib_a-findfp.o)
                0x0000000008009ec0                __sf_fake_stdin
 .rodata.__sf_fake_stdout
                0x0000000008009ee0       0x20 d:/program files/stmicroelectronics/stm32cubeide_1.4.0/stm32cubeide/plugins/com.st.stm32cube.ide.mcu.externaltools.gnu-tools-for-stm32.7-2018-q2-update.win32_1.4.0.202007081208/tools/bin/../lib/gcc/arm-none-eabi/7.3.1/../../../../arm-none-eabi/lib/thumb/v6-m\libc_nano.a(lib_a-findfp.o)
                0x0000000008009ee0                __sf_fake_stdout
 .rodata._svfprintf_r.str1.1
                0x0000000008009f00       0x11 d:/program files/stmicroelectronics/stm32cubeide_1.4.0/stm32cubeide/plugins/com.st.stm32cube.ide.mcu.externaltools.gnu-tools-for-stm32.7-2018-q2-update.win32_1.4.0.202007081208/tools/bin/../lib/gcc/arm-none-eabi/7.3.1/../../../../arm-none-eabi/lib/thumb/v6-m\libc_nano.a(lib_a-nano-svfprintf.o)
 .rodata._printf_i.str1.1
                0x0000000008009f11       0x22 d:/program files/stmicroelectronics/stm32cubeide_1.4.0/stm32cubeide/plugins/com.st.stm32cube.ide.mcu.externaltools.gnu-tools-for-stm32.7-2018-q2-update.win32_1.4.0.202007081208/tools/bin/../lib/gcc/arm-none-eabi/7.3.1/../../../../arm-none-eabi/lib/thumb/v6-m\libc_nano.a(lib_a-nano-vfprintf_i.o)
                0x0000000008009f34                . = ALIGN (0x4)
 *fill*         0x0000000008009f33        0x1 

.ARM.extab      0x0000000008009f34        0x0
                0x0000000008009f34                . = ALIGN (0x4)
 *(.ARM.extab* .gnu.linkonce.armextab.*)
                0x0000000008009f34                . = ALIGN (0x4)

.ARM            0x0000000008009f34        0x8
                0x0000000008009f34                . = ALIGN (0x4)
                0x0000000008009f34                __exidx_start = .
 *(.ARM.exidx*)
 .ARM.exidx     0x0000000008009f34        0x8 d:/program files/stmicroelectronics/stm32cubeide_1.4.0/stm32cubeide/plugins/com.st.stm32cube.ide.mcu.externaltools.gnu-tools-for-stm32.7-2018-q2-update.win32_1.4.0.202007081208/tools/bin/../lib/gcc/arm-none-eabi/7.3.1/thumb/v6-m\libgcc.a(_udivmoddi4.o)
                0x0000000008009f3c                __exidx_end = .
                0x0000000008009f3c                . = ALIGN (0x4)

.rel.dyn        0x0000000008009f3c        0x0
 .rel.iplt      0x0000000008009f3c        0x0 d:/program files/stmicroelectronics/stm32cubeide_1.4.0/stm32cubeide/plugins/com.st.stm32cube.ide.mcu.externaltools.gnu-tools-for-stm32.7-2018-q2-update.win32_1.4.0.202007081208/tools/bin/../lib/gcc/arm-none-eabi/7.3.1/thumb/v6-m/crtbegin.o

.preinit_array  0x0000000008009f3c        0x0
                0x0000000008009f3c                . = ALIGN (0x4)
                0x0000000008009f3c                PROVIDE (__preinit_array_start = .)
 *(.preinit_array*)
                0x0000000008009f3c                PROVIDE (__preinit_array_end = .)
                0x0000000008009f3c                . = ALIGN (0x4)

.init_array     0x0000000008009f3c        0x4
                0x0000000008009f3c                . = ALIGN (0x4)
                0x0000000008009f3c                PROVIDE (__init_array_start = .)
 *(SORT_BY_NAME(.init_array.*))
 *(.init_array*)
 .init_array    0x0000000008009f3c        0x4 d:/program files/stmicroelectronics/stm32cubeide_1.4.0/stm32cubeide/plugins/com.st.stm32cube.ide.mcu.externaltools.gnu-tools-for-stm32.7-2018-q2-update.win32_1.4.0.202007081208/tools/bin/../lib/gcc/arm-none-eabi/7.3.1/thumb/v6-m/crtbegin.o
                0x0000000008009f40                PROVIDE (__init_array_end = .)
                0x0000000008009f40                . = ALIGN (0x4)

.fini_array     0x0000000008009f40        0x4
                0x0000000008009f40                . = ALIGN (0x4)
                [!provide]                        PROVIDE (__fini_array_start = .)
 *(SORT_BY_NAME(.fini_array.*))
 *(.fini_array*)
 .fini_array    0x0000000008009f40        0x4 d:/program files/stmicroelectronics/stm32cubeide_1.4.0/stm32cubeide/plugins/com.st.stm32cube.ide.mcu.externaltools.gnu-tools-for-stm32.7-2018-q2-update.win32_1.4.0.202007081208/tools/bin/../lib/gcc/arm-none-eabi/7.3.1/thumb/v6-m/crtbegin.o
                [!provide]                        PROVIDE (__fini_array_end = .)
                0x0000000008009f44                . = ALIGN (0x4)
                0x0000000008009f44                _sidata = LOADADDR (.data)

.data           0x0000000020000000       0x70 load address 0x0000000008009f44
                0x0000000020000000                . = ALIGN (0x4)
                0x0000000020000000                _sdata = .
 *(.data)
 *(.data*)
 .data.SystemCoreClock
                0x0000000020000000        0x4 Core/Src/system_stm32g0xx.o
                0x0000000020000000                SystemCoreClock
 .data.uwTickPrio
                0x0000000020000004        0x4 Drivers/STM32G0xx_HAL_Driver/Src/stm32g0xx_hal.o
                0x0000000020000004                uwTickPrio
 .data.uwTickFreq
                0x0000000020000008        0x4 Drivers/STM32G0xx_HAL_Driver/Src/stm32g0xx_hal.o
                0x0000000020000008                uwTickFreq
 .data._impure_ptr
                0x000000002000000c        0x4 d:/program files/stmicroelectronics/stm32cubeide_1.4.0/stm32cubeide/plugins/com.st.stm32cube.ide.mcu.externaltools.gnu-tools-for-stm32.7-2018-q2-update.win32_1.4.0.202007081208/tools/bin/../lib/gcc/arm-none-eabi/7.3.1/../../../../arm-none-eabi/lib/thumb/v6-m\libc_nano.a(lib_a-impure.o)
                0x000000002000000c                _impure_ptr
 .data.impure_data
                0x0000000020000010       0x60 d:/program files/stmicroelectronics/stm32cubeide_1.4.0/stm32cubeide/plugins/com.st.stm32cube.ide.mcu.externaltools.gnu-tools-for-stm32.7-2018-q2-update.win32_1.4.0.202007081208/tools/bin/../lib/gcc/arm-none-eabi/7.3.1/../../../../arm-none-eabi/lib/thumb/v6-m\libc_nano.a(lib_a-impure.o)
                0x0000000020000070                . = ALIGN (0x4)
                0x0000000020000070                _edata = .

.igot.plt       0x0000000020000070        0x0 load address 0x0000000008009fb4
 .igot.plt      0x0000000020000070        0x0 d:/program files/stmicroelectronics/stm32cubeide_1.4.0/stm32cubeide/plugins/com.st.stm32cube.ide.mcu.externaltools.gnu-tools-for-stm32.7-2018-q2-update.win32_1.4.0.202007081208/tools/bin/../lib/gcc/arm-none-eabi/7.3.1/thumb/v6-m/crtbegin.o
                0x0000000020000070                . = ALIGN (0x4)

.bss            0x0000000020000070      0x5b4 load address 0x0000000008009fb4
                0x0000000020000070                _sbss = .
                0x0000000020000070                __bss_start__ = _sbss
 *(.bss)
 .bss           0x0000000020000070       0x1c d:/program files/stmicroelectronics/stm32cubeide_1.4.0/stm32cubeide/plugins/com.st.stm32cube.ide.mcu.externaltools.gnu-tools-for-stm32.7-2018-q2-update.win32_1.4.0.202007081208/tools/bin/../lib/gcc/arm-none-eabi/7.3.1/thumb/v6-m/crtbegin.o
 *(.bss*)
 .bss.buf_idx.13190
                0x000000002000008c        0x1 Core/Src/main.o
 *fill*         0x000000002000008d        0x3 
 .bss.buffer.13189
                0x0000000020000090       0x20 Core/Src/main.o
 .bss.__sbrk_heap_end
                0x00000000200000b0        0x4 Core/Src/sysmem.o
 .bss.buf.11025
                0x00000000200000b4      0x400 Drivers/u8g2/csrc/u8g2_d_memory.o
 .bss.in_transfer.5674
                0x00000000200004b4        0x1 Drivers/u8g2/csrc/u8x8_cad.o
 *fill*         0x00000000200004b5        0x3 
 .bss.__malloc_free_list
                0x00000000200004b8        0x4 d:/program files/stmicroelectronics/stm32cubeide_1.4.0/stm32cubeide/plugins/com.st.stm32cube.ide.mcu.externaltools.gnu-tools-for-stm32.7-2018-q2-update.win32_1.4.0.202007081208/tools/bin/../lib/gcc/arm-none-eabi/7.3.1/../../../../arm-none-eabi/lib/thumb/v6-m\libc_nano.a(lib_a-nano-mallocr.o)
                0x00000000200004b8                __malloc_free_list
 .bss.__malloc_sbrk_start
                0x00000000200004bc        0x4 d:/program files/stmicroelectronics/stm32cubeide_1.4.0/stm32cubeide/plugins/com.st.stm32cube.ide.mcu.externaltools.gnu-tools-for-stm32.7-2018-q2-update.win32_1.4.0.202007081208/tools/bin/../lib/gcc/arm-none-eabi/7.3.1/../../../../arm-none-eabi/lib/thumb/v6-m\libc_nano.a(lib_a-nano-mallocr.o)
                0x00000000200004bc                __malloc_sbrk_start
 *(COMMON)
 COMMON         0x00000000200004c0       0x4c Core/Src/i2c.o
                0x00000000200004c0                hi2c1
 COMMON         0x000000002000050c       0x84 Core/Src/main.o
                0x000000002000050c                u8g2
 COMMON         0x0000000020000590       0x8c Core/Src/usart.o
                0x0000000020000590                huart1
 COMMON         0x000000002000061c        0x4 Drivers/STM32G0xx_HAL_Driver/Src/stm32g0xx_hal.o
                0x000000002000061c                uwTick
 COMMON         0x0000000020000620        0x4 d:/program files/stmicroelectronics/stm32cubeide_1.4.0/stm32cubeide/plugins/com.st.stm32cube.ide.mcu.externaltools.gnu-tools-for-stm32.7-2018-q2-update.win32_1.4.0.202007081208/tools/bin/../lib/gcc/arm-none-eabi/7.3.1/../../../../arm-none-eabi/lib/thumb/v6-m\libc_nano.a(lib_a-reent.o)
                0x0000000020000620                errno
                0x0000000020000624                . = ALIGN (0x4)
                0x0000000020000624                _ebss = .
                0x0000000020000624                __bss_end__ = _ebss

._user_heap_stack
                0x0000000020000624      0x604 load address 0x0000000008009fb4
                0x0000000020000628                . = ALIGN (0x8)
 *fill*         0x0000000020000624        0x4 
                [!provide]                        PROVIDE (end = .)
                0x0000000020000628                PROVIDE (_end = .)
                0x0000000020000828                . = (. + _Min_Heap_Size)
 *fill*         0x0000000020000628      0x200 
                0x0000000020000c28                . = (. + _Min_Stack_Size)
 *fill*         0x0000000020000828      0x400 
                0x0000000020000c28                . = ALIGN (0x8)

/DISCARD/
 libc.a(*)
 libm.a(*)
 libgcc.a(*)

.ARM.attributes
                0x0000000000000000       0x28
 *(.ARM.attributes)
 .ARM.attributes
                0x0000000000000000       0x1e d:/program files/stmicroelectronics/stm32cubeide_1.4.0/stm32cubeide/plugins/com.st.stm32cube.ide.mcu.externaltools.gnu-tools-for-stm32.7-2018-q2-update.win32_1.4.0.202007081208/tools/bin/../lib/gcc/arm-none-eabi/7.3.1/thumb/v6-m/crti.o
 .ARM.attributes
                0x000000000000001e       0x2c d:/program files/stmicroelectronics/stm32cubeide_1.4.0/stm32cubeide/plugins/com.st.stm32cube.ide.mcu.externaltools.gnu-tools-for-stm32.7-2018-q2-update.win32_1.4.0.202007081208/tools/bin/../lib/gcc/arm-none-eabi/7.3.1/thumb/v6-m/crtbegin.o
 .ARM.attributes
                0x000000000000004a       0x32 Core/Src/gpio.o
 .ARM.attributes
                0x000000000000007c       0x32 Core/Src/i2c.o
 .ARM.attributes
                0x00000000000000ae       0x32 Core/Src/main.o
 .ARM.attributes
                0x00000000000000e0       0x32 Core/Src/stm32g0xx_hal_msp.o
 .ARM.attributes
                0x0000000000000112       0x32 Core/Src/stm32g0xx_it.o
 .ARM.attributes
                0x0000000000000144       0x32 Core/Src/syscalls.o
 .ARM.attributes
                0x0000000000000176       0x32 Core/Src/sysmem.o
 .ARM.attributes
                0x00000000000001a8       0x32 Core/Src/system_stm32g0xx.o
 .ARM.attributes
                0x00000000000001da       0x32 Core/Src/usart.o
 .ARM.attributes
                0x000000000000020c       0x21 Core/Startup/startup_stm32g071rbtx.o
 .ARM.attributes
                0x000000000000022d       0x32 Drivers/OLED/oled.o
 .ARM.attributes
                0x000000000000025f       0x32 Drivers/STM32G0xx_HAL_Driver/Src/stm32g0xx_hal.o
 .ARM.attributes
                0x0000000000000291       0x32 Drivers/STM32G0xx_HAL_Driver/Src/stm32g0xx_hal_cortex.o
 .ARM.attributes
                0x00000000000002c3       0x32 Drivers/STM32G0xx_HAL_Driver/Src/stm32g0xx_hal_dma.o
 .ARM.attributes
                0x00000000000002f5       0x32 Drivers/STM32G0xx_HAL_Driver/Src/stm32g0xx_hal_gpio.o
 .ARM.attributes
                0x0000000000000327       0x32 Drivers/STM32G0xx_HAL_Driver/Src/stm32g0xx_hal_i2c.o
 .ARM.attributes
                0x0000000000000359       0x32 Drivers/STM32G0xx_HAL_Driver/Src/stm32g0xx_hal_i2c_ex.o
 .ARM.attributes
                0x000000000000038b       0x32 Drivers/STM32G0xx_HAL_Driver/Src/stm32g0xx_hal_pwr_ex.o
 .ARM.attributes
                0x00000000000003bd       0x32 Drivers/STM32G0xx_HAL_Driver/Src/stm32g0xx_hal_rcc.o
 .ARM.attributes
                0x00000000000003ef       0x32 Drivers/STM32G0xx_HAL_Driver/Src/stm32g0xx_hal_rcc_ex.o
 .ARM.attributes
                0x0000000000000421       0x32 Drivers/STM32G0xx_HAL_Driver/Src/stm32g0xx_hal_uart.o
 .ARM.attributes
                0x0000000000000453       0x32 Drivers/STM32G0xx_HAL_Driver/Src/stm32g0xx_hal_uart_ex.o
 .ARM.attributes
                0x0000000000000485       0x32 Drivers/u8g2/csrc/u8g2_buffer.o
 .ARM.attributes
                0x00000000000004b7       0x32 Drivers/u8g2/csrc/u8g2_cleardisplay.o
 .ARM.attributes
                0x00000000000004e9       0x32 Drivers/u8g2/csrc/u8g2_d_memory.o
 .ARM.attributes
                0x000000000000051b       0x32 Drivers/u8g2/csrc/u8g2_d_setup.o
 .ARM.attributes
                0x000000000000054d       0x32 Drivers/u8g2/csrc/u8g2_font.o
 .ARM.attributes
                0x000000000000057f       0x32 Drivers/u8g2/csrc/u8g2_fonts.o
 .ARM.attributes
                0x00000000000005b1       0x32 Drivers/u8g2/csrc/u8g2_hvline.o
 .ARM.attributes
                0x00000000000005e3       0x32 Drivers/u8g2/csrc/u8g2_intersection.o
 .ARM.attributes
                0x0000000000000615       0x32 Drivers/u8g2/csrc/u8g2_ll_hvline.o
 .ARM.attributes
                0x0000000000000647       0x32 Drivers/u8g2/csrc/u8g2_setup.o
 .ARM.attributes
                0x0000000000000679       0x32 Drivers/u8g2/csrc/u8x8_8x8.o
 .ARM.attributes
                0x00000000000006ab       0x32 Drivers/u8g2/csrc/u8x8_byte.o
 .ARM.attributes
                0x00000000000006dd       0x32 Drivers/u8g2/csrc/u8x8_cad.o
 .ARM.attributes
                0x000000000000070f       0x32 Drivers/u8g2/csrc/u8x8_d_ssd1306_128x64_noname.o
 .ARM.attributes
                0x0000000000000741       0x32 Drivers/u8g2/csrc/u8x8_display.o
 .ARM.attributes
                0x0000000000000773       0x32 Drivers/u8g2/csrc/u8x8_gpio.o
 .ARM.attributes
                0x00000000000007a5       0x32 Drivers/u8g2/csrc/u8x8_setup.o
 .ARM.attributes
                0x00000000000007d7       0x2c d:/program files/stmicroelectronics/stm32cubeide_1.4.0/stm32cubeide/plugins/com.st.stm32cube.ide.mcu.externaltools.gnu-tools-for-stm32.7-2018-q2-update.win32_1.4.0.202007081208/tools/bin/../lib/gcc/arm-none-eabi/7.3.1/../../../../arm-none-eabi/lib/thumb/v6-m\libc_nano.a(lib_a-errno.o)
 .ARM.attributes
                0x0000000000000803       0x2c d:/program files/stmicroelectronics/stm32cubeide_1.4.0/stm32cubeide/plugins/com.st.stm32cube.ide.mcu.externaltools.gnu-tools-for-stm32.7-2018-q2-update.win32_1.4.0.202007081208/tools/bin/../lib/gcc/arm-none-eabi/7.3.1/../../../../arm-none-eabi/lib/thumb/v6-m\libc_nano.a(lib_a-impure.o)
 .ARM.attributes
                0x000000000000082f       0x2c d:/program files/stmicroelectronics/stm32cubeide_1.4.0/stm32cubeide/plugins/com.st.stm32cube.ide.mcu.externaltools.gnu-tools-for-stm32.7-2018-q2-update.win32_1.4.0.202007081208/tools/bin/../lib/gcc/arm-none-eabi/7.3.1/../../../../arm-none-eabi/lib/thumb/v6-m\libc_nano.a(lib_a-init.o)
 .ARM.attributes
                0x000000000000085b       0x2c d:/program files/stmicroelectronics/stm32cubeide_1.4.0/stm32cubeide/plugins/com.st.stm32cube.ide.mcu.externaltools.gnu-tools-for-stm32.7-2018-q2-update.win32_1.4.0.202007081208/tools/bin/../lib/gcc/arm-none-eabi/7.3.1/../../../../arm-none-eabi/lib/thumb/v6-m\libc_nano.a(lib_a-memset.o)
 .ARM.attributes
                0x0000000000000887       0x2c d:/program files/stmicroelectronics/stm32cubeide_1.4.0/stm32cubeide/plugins/com.st.stm32cube.ide.mcu.externaltools.gnu-tools-for-stm32.7-2018-q2-update.win32_1.4.0.202007081208/tools/bin/../lib/gcc/arm-none-eabi/7.3.1/../../../../arm-none-eabi/lib/thumb/v6-m\libc_nano.a(lib_a-puts.o)
 .ARM.attributes
                0x00000000000008b3       0x2c d:/program files/stmicroelectronics/stm32cubeide_1.4.0/stm32cubeide/plugins/com.st.stm32cube.ide.mcu.externaltools.gnu-tools-for-stm32.7-2018-q2-update.win32_1.4.0.202007081208/tools/bin/../lib/gcc/arm-none-eabi/7.3.1/../../../../arm-none-eabi/lib/thumb/v6-m\libc_nano.a(lib_a-sprintf.o)
 .ARM.attributes
                0x00000000000008df       0x2c d:/program files/stmicroelectronics/stm32cubeide_1.4.0/stm32cubeide/plugins/com.st.stm32cube.ide.mcu.externaltools.gnu-tools-for-stm32.7-2018-q2-update.win32_1.4.0.202007081208/tools/bin/../lib/gcc/arm-none-eabi/7.3.1/../../../../arm-none-eabi/lib/thumb/v6-m\libc_nano.a(lib_a-wbuf.o)
 .ARM.attributes
                0x000000000000090b       0x2c d:/program files/stmicroelectronics/stm32cubeide_1.4.0/stm32cubeide/plugins/com.st.stm32cube.ide.mcu.externaltools.gnu-tools-for-stm32.7-2018-q2-update.win32_1.4.0.202007081208/tools/bin/../lib/gcc/arm-none-eabi/7.3.1/../../../../arm-none-eabi/lib/thumb/v6-m\libc_nano.a(lib_a-wsetup.o)
 .ARM.attributes
                0x0000000000000937       0x2c d:/program files/stmicroelectronics/stm32cubeide_1.4.0/stm32cubeide/plugins/com.st.stm32cube.ide.mcu.externaltools.gnu-tools-for-stm32.7-2018-q2-update.win32_1.4.0.202007081208/tools/bin/../lib/gcc/arm-none-eabi/7.3.1/../../../../arm-none-eabi/lib/thumb/v6-m\libc_nano.a(lib_a-fflush.o)
 .ARM.attributes
                0x0000000000000963       0x2c d:/program files/stmicroelectronics/stm32cubeide_1.4.0/stm32cubeide/plugins/com.st.stm32cube.ide.mcu.externaltools.gnu-tools-for-stm32.7-2018-q2-update.win32_1.4.0.202007081208/tools/bin/../lib/gcc/arm-none-eabi/7.3.1/../../../../arm-none-eabi/lib/thumb/v6-m\libc_nano.a(lib_a-findfp.o)
 .ARM.attributes
                0x000000000000098f       0x2c d:/program files/stmicroelectronics/stm32cubeide_1.4.0/stm32cubeide/plugins/com.st.stm32cube.ide.mcu.externaltools.gnu-tools-for-stm32.7-2018-q2-update.win32_1.4.0.202007081208/tools/bin/../lib/gcc/arm-none-eabi/7.3.1/../../../../arm-none-eabi/lib/thumb/v6-m\libc_nano.a(lib_a-fwalk.o)
 .ARM.attributes
                0x00000000000009bb       0x2c d:/program files/stmicroelectronics/stm32cubeide_1.4.0/stm32cubeide/plugins/com.st.stm32cube.ide.mcu.externaltools.gnu-tools-for-stm32.7-2018-q2-update.win32_1.4.0.202007081208/tools/bin/../lib/gcc/arm-none-eabi/7.3.1/../../../../arm-none-eabi/lib/thumb/v6-m\libc_nano.a(lib_a-makebuf.o)
 .ARM.attributes
                0x00000000000009e7       0x2c d:/program files/stmicroelectronics/stm32cubeide_1.4.0/stm32cubeide/plugins/com.st.stm32cube.ide.mcu.externaltools.gnu-tools-for-stm32.7-2018-q2-update.win32_1.4.0.202007081208/tools/bin/../lib/gcc/arm-none-eabi/7.3.1/../../../../arm-none-eabi/lib/thumb/v6-m\libc_nano.a(lib_a-nano-freer.o)
 .ARM.attributes
                0x0000000000000a13       0x2c d:/program files/stmicroelectronics/stm32cubeide_1.4.0/stm32cubeide/plugins/com.st.stm32cube.ide.mcu.externaltools.gnu-tools-for-stm32.7-2018-q2-update.win32_1.4.0.202007081208/tools/bin/../lib/gcc/arm-none-eabi/7.3.1/../../../../arm-none-eabi/lib/thumb/v6-m\libc_nano.a(lib_a-nano-mallocr.o)
 .ARM.attributes
                0x0000000000000a3f       0x2c d:/program files/stmicroelectronics/stm32cubeide_1.4.0/stm32cubeide/plugins/com.st.stm32cube.ide.mcu.externaltools.gnu-tools-for-stm32.7-2018-q2-update.win32_1.4.0.202007081208/tools/bin/../lib/gcc/arm-none-eabi/7.3.1/../../../../arm-none-eabi/lib/thumb/v6-m\libc_nano.a(lib_a-nano-svfprintf.o)
 .ARM.attributes
                0x0000000000000a6b       0x2c d:/program files/stmicroelectronics/stm32cubeide_1.4.0/stm32cubeide/plugins/com.st.stm32cube.ide.mcu.externaltools.gnu-tools-for-stm32.7-2018-q2-update.win32_1.4.0.202007081208/tools/bin/../lib/gcc/arm-none-eabi/7.3.1/../../../../arm-none-eabi/lib/thumb/v6-m\libc_nano.a(lib_a-nano-vfprintf_i.o)
 .ARM.attributes
                0x0000000000000a97       0x2c d:/program files/stmicroelectronics/stm32cubeide_1.4.0/stm32cubeide/plugins/com.st.stm32cube.ide.mcu.externaltools.gnu-tools-for-stm32.7-2018-q2-update.win32_1.4.0.202007081208/tools/bin/../lib/gcc/arm-none-eabi/7.3.1/../../../../arm-none-eabi/lib/thumb/v6-m\libc_nano.a(lib_a-sbrkr.o)
 .ARM.attributes
                0x0000000000000ac3       0x2c d:/program files/stmicroelectronics/stm32cubeide_1.4.0/stm32cubeide/plugins/com.st.stm32cube.ide.mcu.externaltools.gnu-tools-for-stm32.7-2018-q2-update.win32_1.4.0.202007081208/tools/bin/../lib/gcc/arm-none-eabi/7.3.1/../../../../arm-none-eabi/lib/thumb/v6-m\libc_nano.a(lib_a-stdio.o)
 .ARM.attributes
                0x0000000000000aef       0x2c d:/program files/stmicroelectronics/stm32cubeide_1.4.0/stm32cubeide/plugins/com.st.stm32cube.ide.mcu.externaltools.gnu-tools-for-stm32.7-2018-q2-update.win32_1.4.0.202007081208/tools/bin/../lib/gcc/arm-none-eabi/7.3.1/../../../../arm-none-eabi/lib/thumb/v6-m\libc_nano.a(lib_a-writer.o)
 .ARM.attributes
                0x0000000000000b1b       0x2c d:/program files/stmicroelectronics/stm32cubeide_1.4.0/stm32cubeide/plugins/com.st.stm32cube.ide.mcu.externaltools.gnu-tools-for-stm32.7-2018-q2-update.win32_1.4.0.202007081208/tools/bin/../lib/gcc/arm-none-eabi/7.3.1/../../../../arm-none-eabi/lib/thumb/v6-m\libc_nano.a(lib_a-closer.o)
 .ARM.attributes
                0x0000000000000b47       0x2c d:/program files/stmicroelectronics/stm32cubeide_1.4.0/stm32cubeide/plugins/com.st.stm32cube.ide.mcu.externaltools.gnu-tools-for-stm32.7-2018-q2-update.win32_1.4.0.202007081208/tools/bin/../lib/gcc/arm-none-eabi/7.3.1/../../../../arm-none-eabi/lib/thumb/v6-m\libc_nano.a(lib_a-fstatr.o)
 .ARM.attributes
                0x0000000000000b73       0x2c d:/program files/stmicroelectronics/stm32cubeide_1.4.0/stm32cubeide/plugins/com.st.stm32cube.ide.mcu.externaltools.gnu-tools-for-stm32.7-2018-q2-update.win32_1.4.0.202007081208/tools/bin/../lib/gcc/arm-none-eabi/7.3.1/../../../../arm-none-eabi/lib/thumb/v6-m\libc_nano.a(lib_a-isattyr.o)
 .ARM.attributes
                0x0000000000000b9f       0x2c d:/program files/stmicroelectronics/stm32cubeide_1.4.0/stm32cubeide/plugins/com.st.stm32cube.ide.mcu.externaltools.gnu-tools-for-stm32.7-2018-q2-update.win32_1.4.0.202007081208/tools/bin/../lib/gcc/arm-none-eabi/7.3.1/../../../../arm-none-eabi/lib/thumb/v6-m\libc_nano.a(lib_a-lseekr.o)
 .ARM.attributes
                0x0000000000000bcb       0x2c d:/program files/stmicroelectronics/stm32cubeide_1.4.0/stm32cubeide/plugins/com.st.stm32cube.ide.mcu.externaltools.gnu-tools-for-stm32.7-2018-q2-update.win32_1.4.0.202007081208/tools/bin/../lib/gcc/arm-none-eabi/7.3.1/../../../../arm-none-eabi/lib/thumb/v6-m\libc_nano.a(lib_a-memchr-stub.o)
 .ARM.attributes
                0x0000000000000bf7       0x2c d:/program files/stmicroelectronics/stm32cubeide_1.4.0/stm32cubeide/plugins/com.st.stm32cube.ide.mcu.externaltools.gnu-tools-for-stm32.7-2018-q2-update.win32_1.4.0.202007081208/tools/bin/../lib/gcc/arm-none-eabi/7.3.1/../../../../arm-none-eabi/lib/thumb/v6-m\libc_nano.a(lib_a-memcpy-stub.o)
 .ARM.attributes
                0x0000000000000c23       0x2c d:/program files/stmicroelectronics/stm32cubeide_1.4.0/stm32cubeide/plugins/com.st.stm32cube.ide.mcu.externaltools.gnu-tools-for-stm32.7-2018-q2-update.win32_1.4.0.202007081208/tools/bin/../lib/gcc/arm-none-eabi/7.3.1/../../../../arm-none-eabi/lib/thumb/v6-m\libc_nano.a(lib_a-memmove.o)
 .ARM.attributes
                0x0000000000000c4f       0x2c d:/program files/stmicroelectronics/stm32cubeide_1.4.0/stm32cubeide/plugins/com.st.stm32cube.ide.mcu.externaltools.gnu-tools-for-stm32.7-2018-q2-update.win32_1.4.0.202007081208/tools/bin/../lib/gcc/arm-none-eabi/7.3.1/../../../../arm-none-eabi/lib/thumb/v6-m\libc_nano.a(lib_a-mlock.o)
 .ARM.attributes
                0x0000000000000c7b       0x2c d:/program files/stmicroelectronics/stm32cubeide_1.4.0/stm32cubeide/plugins/com.st.stm32cube.ide.mcu.externaltools.gnu-tools-for-stm32.7-2018-q2-update.win32_1.4.0.202007081208/tools/bin/../lib/gcc/arm-none-eabi/7.3.1/../../../../arm-none-eabi/lib/thumb/v6-m\libc_nano.a(lib_a-nano-reallocr.o)
 .ARM.attributes
                0x0000000000000ca7       0x2c d:/program files/stmicroelectronics/stm32cubeide_1.4.0/stm32cubeide/plugins/com.st.stm32cube.ide.mcu.externaltools.gnu-tools-for-stm32.7-2018-q2-update.win32_1.4.0.202007081208/tools/bin/../lib/gcc/arm-none-eabi/7.3.1/../../../../arm-none-eabi/lib/thumb/v6-m\libc_nano.a(lib_a-readr.o)
 .ARM.attributes
                0x0000000000000cd3       0x2c d:/program files/stmicroelectronics/stm32cubeide_1.4.0/stm32cubeide/plugins/com.st.stm32cube.ide.mcu.externaltools.gnu-tools-for-stm32.7-2018-q2-update.win32_1.4.0.202007081208/tools/bin/../lib/gcc/arm-none-eabi/7.3.1/../../../../arm-none-eabi/lib/thumb/v6-m\libc_nano.a(lib_a-reent.o)
 .ARM.attributes
                0x0000000000000cff       0x2c d:/program files/stmicroelectronics/stm32cubeide_1.4.0/stm32cubeide/plugins/com.st.stm32cube.ide.mcu.externaltools.gnu-tools-for-stm32.7-2018-q2-update.win32_1.4.0.202007081208/tools/bin/../lib/gcc/arm-none-eabi/7.3.1/../../../../arm-none-eabi/lib/thumb/v6-m\libc_nano.a(lib_a-nano-msizer.o)
 .ARM.attributes
                0x0000000000000d2b       0x1e d:/program files/stmicroelectronics/stm32cubeide_1.4.0/stm32cubeide/plugins/com.st.stm32cube.ide.mcu.externaltools.gnu-tools-for-stm32.7-2018-q2-update.win32_1.4.0.202007081208/tools/bin/../lib/gcc/arm-none-eabi/7.3.1/thumb/v6-m\libgcc.a(_udivsi3.o)
 .ARM.attributes
                0x0000000000000d49       0x1e d:/program files/stmicroelectronics/stm32cubeide_1.4.0/stm32cubeide/plugins/com.st.stm32cube.ide.mcu.externaltools.gnu-tools-for-stm32.7-2018-q2-update.win32_1.4.0.202007081208/tools/bin/../lib/gcc/arm-none-eabi/7.3.1/thumb/v6-m\libgcc.a(_divsi3.o)
 .ARM.attributes
                0x0000000000000d67       0x1e d:/program files/stmicroelectronics/stm32cubeide_1.4.0/stm32cubeide/plugins/com.st.stm32cube.ide.mcu.externaltools.gnu-tools-for-stm32.7-2018-q2-update.win32_1.4.0.202007081208/tools/bin/../lib/gcc/arm-none-eabi/7.3.1/thumb/v6-m\libgcc.a(_dvmd_tls.o)
 .ARM.attributes
                0x0000000000000d85       0x1e d:/program files/stmicroelectronics/stm32cubeide_1.4.0/stm32cubeide/plugins/com.st.stm32cube.ide.mcu.externaltools.gnu-tools-for-stm32.7-2018-q2-update.win32_1.4.0.202007081208/tools/bin/../lib/gcc/arm-none-eabi/7.3.1/thumb/v6-m\libgcc.a(_aeabi_uldivmod.o)
 .ARM.attributes
                0x0000000000000da3       0x2c d:/program files/stmicroelectronics/stm32cubeide_1.4.0/stm32cubeide/plugins/com.st.stm32cube.ide.mcu.externaltools.gnu-tools-for-stm32.7-2018-q2-update.win32_1.4.0.202007081208/tools/bin/../lib/gcc/arm-none-eabi/7.3.1/thumb/v6-m\libgcc.a(_udivmoddi4.o)
 .ARM.attributes
                0x0000000000000dcf       0x1e d:/program files/stmicroelectronics/stm32cubeide_1.4.0/stm32cubeide/plugins/com.st.stm32cube.ide.mcu.externaltools.gnu-tools-for-stm32.7-2018-q2-update.win32_1.4.0.202007081208/tools/bin/../lib/gcc/arm-none-eabi/7.3.1/thumb/v6-m\libgcc.a(_clzdi2.o)
 .ARM.attributes
                0x0000000000000ded       0x1e d:/program files/stmicroelectronics/stm32cubeide_1.4.0/stm32cubeide/plugins/com.st.stm32cube.ide.mcu.externaltools.gnu-tools-for-stm32.7-2018-q2-update.win32_1.4.0.202007081208/tools/bin/../lib/gcc/arm-none-eabi/7.3.1/thumb/v6-m\libgcc.a(_clzsi2.o)
 .ARM.attributes
                0x0000000000000e0b       0x1e d:/program files/stmicroelectronics/stm32cubeide_1.4.0/stm32cubeide/plugins/com.st.stm32cube.ide.mcu.externaltools.gnu-tools-for-stm32.7-2018-q2-update.win32_1.4.0.202007081208/tools/bin/../lib/gcc/arm-none-eabi/7.3.1/thumb/v6-m/crtn.o
OUTPUT(OLED.elf elf32-littlearm)

.debug_info     0x0000000000000000    0x6038e
 .debug_info    0x0000000000000000      0x46e Core/Src/gpio.o
 .debug_info    0x000000000000046e      0xb4b Core/Src/i2c.o
 .debug_info    0x0000000000000fb9     0x6b96 Core/Src/main.o
 .debug_info    0x0000000000007b4f      0x333 Core/Src/stm32g0xx_hal_msp.o
 .debug_info    0x0000000000007e82      0xae2 Core/Src/stm32g0xx_it.o
 .debug_info    0x0000000000008964      0xebd Core/Src/syscalls.o
 .debug_info    0x0000000000009821      0x985 Core/Src/sysmem.o
 .debug_info    0x000000000000a1a6      0x434 Core/Src/system_stm32g0xx.o
 .debug_info    0x000000000000a5da      0xbc1 Core/Src/usart.o
 .debug_info    0x000000000000b19b       0x22 Core/Startup/startup_stm32g071rbtx.o
 .debug_info    0x000000000000b1bd      0xb7f Drivers/OLED/oled.o
 .debug_info    0x000000000000bd3c      0xa11 Drivers/STM32G0xx_HAL_Driver/Src/stm32g0xx_hal.o
 .debug_info    0x000000000000c74d      0x971 Drivers/STM32G0xx_HAL_Driver/Src/stm32g0xx_hal_cortex.o
 .debug_info    0x000000000000d0be      0x8e6 Drivers/STM32G0xx_HAL_Driver/Src/stm32g0xx_hal_dma.o
 .debug_info    0x000000000000d9a4      0x67f Drivers/STM32G0xx_HAL_Driver/Src/stm32g0xx_hal_gpio.o
 .debug_info    0x000000000000e023     0x2043 Drivers/STM32G0xx_HAL_Driver/Src/stm32g0xx_hal_i2c.o
 .debug_info    0x0000000000010066      0xa86 Drivers/STM32G0xx_HAL_Driver/Src/stm32g0xx_hal_i2c_ex.o
 .debug_info    0x0000000000010aec      0x64f Drivers/STM32G0xx_HAL_Driver/Src/stm32g0xx_hal_pwr_ex.o
 .debug_info    0x000000000001113b      0xab0 Drivers/STM32G0xx_HAL_Driver/Src/stm32g0xx_hal_rcc.o
 .debug_info    0x0000000000011beb      0x815 Drivers/STM32G0xx_HAL_Driver/Src/stm32g0xx_hal_rcc_ex.o