oled.c:20:13:OLED_Write_Cmd	32	static
oled.c:35:13:OLED_Write_Dat	32	static
oled.c:51:6:OLED_Set_Pos	16	static
oled.c:60:6:OLED_Display_On	8	static
oled.c:69:6:OLED_Display_Off	8	static
oled.c:78:6:OLED_Clear	16	static
oled.c:95:6:OLED_On	16	static
oled.c:117:6:OLED_ShowChar	32	static
oled.c:155:17:oled_pow	24	static
oled.c:170:6:OLED_ShowNum	32	static
oled.c:197:6:OLED_ShowString	32	static
oled.c:214:6:OLED_ShowCHinese	32	static
oled.c:237:6:OLED_DrawBMP	32	static
oled.c:263:6:OLED_Init	8	static
